/COM,ANSYS RELEASE 2025 R1           BUILD 25.1      UP20250123       11:15:38

 *** WARNING ***                         CP =       0.641   TIME= 11:15:39
 Material property ALPX of material 1 is evaluated at a temperature of   
 0, which is below the supplied temperature range.  Temperature range    
 checking terminates.                                                    

 *** WARNING ***                         CP =       2.500   TIME= 11:15:40
 Element shape checking is currently inactive.  Issue SHPP,ON or         
 SHPP,WARN to reactivate, if desired.                                    

 *** WARNING ***                         CP =       3.172   TIME= 11:15:40
 The input for the Z-coordinate of the top of the build plate 0 does not 
 match the minimum Z-coordinate of 9.999992251E-05 found in build        
 elements.  The base Z-coordinate has been changed to 9.999992251E-05.   

 *** WARNING ***                         CP =       3.203   TIME= 11:15:40
 Material property KXX of material 1 of element 1 is evaluated at a      
 temperature of 20, which is below the supplied temperature range.       
 Temperature range checking terminates.                                  

 *** WARNING ***                         CP =       3.203   TIME= 11:15:40
 Material property KXX of material 1 of element 1 is evaluated at a      
 temperature of 20, which is below the supplied temperature range.       
 Temperature range checking terminates.                                  

 *** WARNING ***                         CP =       3.203   TIME= 11:15:40
 Material property KXX of material 1 of element 1 is evaluated at a      
 temperature of 20, which is below the supplied temperature range.       
 Temperature range checking terminates.                                  
