
 Ansys Mechanical Enterprise Academic Research     


 *------------------------------------------------------------------*
 |                                                                  |
 |   W E L C O M E   T O   T H E   A N S Y S (R)  P R O G R A M     |
 |                                                                  |
 *------------------------------------------------------------------*




 ***************************************************************
 *         ANSYS MAPDL 2025 R1          LEGAL NOTICES          *
 ***************************************************************
 *                                                             *
 * Copyright 1971-2025 Ansys, Inc.  All rights reserved.       *
 * Unauthorized use, distribution or duplication is            *
 * prohibited.                                                 *
 *                                                             *
 * Ansys is a registered trademark of Ansys, Inc. or its       *
 * subsidiaries in the United States or other countries.       *
 * See the Ansys, Inc. online documentation or the Ansys, Inc. *
 * documentation CD or online help for the complete Legal      *
 * Notice.                                                     *
 *                                                             *
 ***************************************************************
 *                                                             *
 * THIS ANSYS SOFTWARE PRODUCT AND PROGRAM DOCUMENTATION       *
 * INCLUDE TRADE SECRETS AND CONFIDENTIAL AND PROPRIETARY      *
 * PRODUCTS OF ANSYS, INC., ITS SUBSIDIARIES, OR LICENSORS.    *
 * The software products and documentation are furnished by    *
 * Ansys, Inc. or its subsidiaries under a software license    *
 * agreement that contains provisions concerning               *
 * non-disclosure, copying, length and nature of use,          *
 * compliance with exporting laws, warranties, disclaimers,    *
 * limitations of liability, and remedies, and other           *
 * provisions.  The software products and documentation may be *
 * used, disclosed, transferred, or copied only in accordance  *
 * with the terms and conditions of that software license      *
 * agreement.                                                  *
 *                                                             *
 * Ansys, Inc. is a UL registered                              *
 * ISO 9001:2015 company.                                      *
 *                                                             *
 ***************************************************************
 *                                                             *
 * This product is subject to U.S. laws governing export and   *
 * re-export.                                                  *
 *                                                             *
 * For U.S. Government users, except as specifically granted   *
 * by the Ansys, Inc. software license agreement, the use,     *
 * duplication, or disclosure by the United States Government  *
 * is subject to restrictions stated in the Ansys, Inc.        *
 * software license agreement and FAR 12.212 (for non-DOD      *
 * licenses).                                                  *
 *                                                             *
 ***************************************************************

 2025 R1 
     
 Point Releases and Patches installed:   
     
 Ansys Service Pack 2025 R1.01   
 Ansys, Inc. License Manager 2025 R1 
 Ansys, Inc. License Manager 2025 R1.01  
 CFD-Post only 2025 R1   
 CFD-Post only 2025 R1.01
 Core WB Files 2025 R1   
 Core WB Files 2025 R1.01
 CFX (includes CFD-Post) 2025 R1 
 CFX (includes CFD-Post) 2025 R1.01  
 Chemkin 2025 R1 
 Chemkin 2025 R1.01  
 EnSight 2025 R1 
 EnSight 2025 R1.01  
 FENSAP-ICE 2025 R1  
 FENSAP-ICE 2025 R1.01   
 Fluent (includes CFD-Post) 2025 R1  
 Fluent (includes CFD-Post) 2025 R1.01   
 Polyflow (includes CFD-Post) 2025 R1
 Polyflow (includes CFD-Post) 2025 R1.01 
 Forte (includes EnSight) 2025 R1
 Forte (includes EnSight) 2025 R1.01 
 ICEM CFD 2025 R1
 ICEM CFD 2025 R1.01 
 TurboGrid 2025 R1   
 TurboGrid 2025 R1.01
 Speos 2025 R1   
 Speos 2025 R1.01
 SpaceClaim 2025 R1  
 SpaceClaim 2025 R1.01   
 Catia, Version 5 Geometry Interface 2025 R1 
 Catia, Version 5 Geometry Interface 2025 R1.01  
 Speos HPC 2025 R1   
 Speos HPC 2025 R1.01
 optiSLang 2025 R1   
 optiSLang 2025 R1.01
 Additive 2025 R1
 Additive 2025 R1.01 
 Aqwa 2025 R1
 Aqwa 2025 R1.01 
 Autodyn 2025 R1 
 Autodyn 2025 R1.01  
 Customization Files for User Programmable Features 2025 R1  
 Customization Files for User Programmable Features 2025 R1.01   
 LS-DYNA 2025 R1 
 LS-DYNA 2025 R1.01  
 Mechanical Products 2025 R1 
 Mechanical Products 2025 R1.01  
 Motion 2025 R1  
 Motion 2025 R1.01   
 Sherlock 2025 R1
 Sherlock 2025 R1.01 
 Sound - SAS 2025 R1 
 Sound - SAS 2025 R1.01  


          *****  MAPDL COMMAND LINE ARGUMENTS  *****
  BATCH MODE REQUESTED (-b)    = NOLIST
  INPUT FILE COPY MODE (-c)    = COPY
  DISTRIBUTED MEMORY PARALLEL REQUESTED
       4 PARALLEL PROCESSES REQUESTED WITH SINGLE THREAD PER PROCESS
    TOTAL OF     4 CORES REQUESTED
  INPUT FILE NAME              = C:\Users\018219877\Downloads\LBPF\ANSYS\lpbfsim_Mech_Files\TransientThermal_2\dummy.dat
  OUTPUT FILE NAME             = C:\Users\018219877\Downloads\LBPF\ANSYS\lpbfsim_Mech_Files\TransientThermal_2\solve.out
  START-UP FILE MODE           = NOREAD
  STOP FILE MODE               = NOREAD
  ADDITIVE MANUFACTURING MODULE REQUESTED

 RELEASE= 2025 R1              BUILD= 25.1      UP20250123   VERSION=WINDOWS x64 
 CURRENT JOBNAME=file0  11:15:38  APR 04, 2026 CP=      0.156


 PARAMETER _DS_PROGRESS =     999.0000000    

 /INPUT FILE= ds.dat  LINE=       0



 *** NOTE ***                            CP =       0.312   TIME= 11:15:38
 The /CONFIG,NOELDB command is not valid in a distributed memory         
 parallel solution.  Command is ignored.                                 

 *GET  _WALLSTRT  FROM  ACTI  ITEM=TIME WALL  VALUE=  11.2605556    

 TITLE= 
 --Transient Thermal                                                           

  ACT Extensions:
      LSDYNA, 2025.1
      5f463412-bd3e-484b-87e7-cbc0a665e474, wbex
 /COM,     ANSYSMotion, 2025.1
      20180725-3f81-49eb-9f31-41364844c769, wbex
  

 SET PARAMETER DIMENSIONS ON  _WB_PROJECTSCRATCH_DIR
  TYPE=STRI  DIMENSIONS=      248        1        1

 PARAMETER _WB_PROJECTSCRATCH_DIR(1) = C:\Users\018219877\Downloads\LBPF\ANSYS\lpbfsim_Mech_Files\TransientThermal_2\

 SET PARAMETER DIMENSIONS ON  _WB_SOLVERFILES_DIR
  TYPE=STRI  DIMENSIONS=      248        1        1

 PARAMETER _WB_SOLVERFILES_DIR(1) = C:\Users\018219877\Downloads\LBPF\ANSYS\lpbfsim_Mech_Files\TransientThermal_2\

 SET PARAMETER DIMENSIONS ON  _WB_USERFILES_DIR
  TYPE=STRI  DIMENSIONS=      248        1        1

 PARAMETER _WB_USERFILES_DIR(1) = C:\Users\018219877\Downloads\LBPF\ANSYS\lpbfsim_Mech_Files\UserFiles\
 --- Data in consistent MKS units. See Solving Units in the help system for more

 MKS UNITS SPECIFIED FOR INTERNAL    
  LENGTH        (l)  = METER (M)
  MASS          (M)  = KILOGRAM (KG)
  TIME          (t)  = SECOND (SEC)
  TEMPERATURE   (T)  = CELSIUS (C)
  TOFFSET            = 273.0
  CHARGE        (Q)  = COULOMB
  FORCE         (f)  = NEWTON (N) (KG-M/SEC2)
  HEAT               = JOULE (N-M)

  PRESSURE           = PASCAL (NEWTON/M**2)
  ENERGY        (W)  = JOULE (N-M)
  POWER         (P)  = WATT (N-M/SEC)
  CURRENT       (i)  = AMPERE (COULOMBS/SEC)
  CAPACITANCE   (C)  = FARAD
  INDUCTANCE    (L)  = HENRY
  MAGNETIC FLUX      = WEBER
  RESISTANCE    (R)  = OHM
  ELECTRIC POTENTIAL = VOLT

 INPUT  UNITS ARE ALSO SET TO MKS 

 *** MAPDL - ENGINEERING ANALYSIS SYSTEM  RELEASE 2025 R1          25.1     ***
 Ansys Mechanical Enterprise Academic Research     
 00479296  VERSION=WINDOWS x64   11:15:38  APR 04, 2026 CP=      0.344

 --Transient Thermal                                                           



          ***** MAPDL ANALYSIS DEFINITION (PREP7) *****
 *********** Nodes for the whole assembly ***********
 *********** Elements for Body 1 'Part1|part' ***********
 *********** Elements for Body 2 'Support' ***********
 *********** Elements for Body 3 'Part1|base' ***********
 *********** Send User Defined Coordinate System(s) ***********
 *********** Send Materials ***********

 *** WARNING ***                         CP =       0.641   TIME= 11:15:39
 Material property ALPX of material 1 is evaluated at a temperature of   
 0, which is below the supplied temperature range.  Temperature range    
 checking terminates.                                                    
 *********** Define Temperature Constraint ***********
 ***************** Define Uniform Initial temperature ***************
  **** Start sending components for AM Supports ****
  **** Done sending components for AM Supports ****


 ***** ROUTINE COMPLETED *****  CP =         0.672


 --- Number of total nodes = 13475
 --- Number of contact elements = 0
 --- Number of spring elements = 0
 --- Number of bearing elements = 0
 --- Number of solid elements = 5988
 --- Number of condensed parts = 0
 --- Number of total elements = 5988

 *GET  _WALLBSOL  FROM  ACTI  ITEM=TIME WALL  VALUE=  11.2608333    
 ****************************************************************************
 *************************    SOLUTION       ********************************
 ****************************************************************************

 *****  MAPDL SOLUTION ROUTINE  *****


 PERFORM A TRANSIENT ANALYSIS
  THIS WILL BE A NEW ANALYSIS

 STEP BOUNDARY CONDITION KEY= 1

 CONTACT INFORMATION PRINTOUT LEVEL       1

 CHECK INITIAL OPEN/CLOSED STATUS OF SELECTED CONTACT ELEMENTS
      AND LIST DETAILED CONTACT PAIR INFORMATION

 SPLIT CONTACT SURFACES AT SOLVE PHASE

    NUMBER OF SPLITTING TBD BY PROGRAM

 DO NOT SAVE ANY RESTART FILES AT ALL

 DO NOT COMBINE ELEMENT MATRIX FILES (.emat) AFTER DISTRIBUTED PARALLEL SOLUTION

 DO NOT COMBINE ELEMENT SAVE DATA FILES (.esav) AFTER DISTRIBUTED PARALLEL SOLUTION
 *********** Send AM Knockdown Factors ***********

 START CREATE BY COPY FROM INPUT TO  knockdown.ist

 END FILE CREATE
 SUCCESSFULLY READ THE INITIAL STRESS FILE 

 DELETE FILE NAME=knockdown.ist
 *********** Send AM Build Options ***********

 ADDITIVE PROCESS TYPE SET TO PB 
  USING A LAYER -BASED APPROACH

 THE TOP OF THE BASE PLATE IS AT Z=   0.0000    

 THE MATERIAL ID OF THE PART TO BE BUILT IS     1
   THE MELT TEMPERATURE IS SET TO    1260.0    

 THE MATERIAL ID OF THE PART TO BE BUILT IS     2
   THE MELT TEMPERATURE IS SET TO    1260.0    

 THE DEPOSITION LAYER HEIGHT IS SET TO   0.10000E-03
   THE MESH HEIGHT IS DEFINED TO BE   0.30000E-03

 THE DEPOSITION SCAN SPACING IS SET TO   0.10000E-03
 THE DEPOSITION SCAN SPEED IS SET TO    1000.0    

 THE NUMBER OF SIMULTANEOUS HEATING BEAMS IS     1

 THE RECOATER REPOSITIONING TIME IS SET TO    10.000    

 SET PARAMETER DIMENSIONS ON  SUPPSECT TYPE=ARRA  DIMENSIONS=     1     1     1

 PARAMETER SUPPSECT(1) =     4.000000000    
                                   
   INPUT SECTION ID NUMBER               4
   INPUT SECTION TYPE                 SUPP
   INPUT SECTION SUBTYPE              ASEC
   INPUT SUPP SECTION NAME                    

  SUPP SECTION DATA:
  Supp Section ID                             =       4
 Multiplicative reduction factor for field   2 is                 =  0.50000    
 Multiplicative reduction factor for field   3 is                 =  0.50000    
 Multiplicative reduction factor for field   4 is                 =  0.50000    
 Multiplicative reduction factor for field   5 is                 =  0.50000    

 THE NUMBER OF SUPPORTS IS SET TO     1
  THE ROOT NAME FOR THE SUPPORT COMPONENTS IS _CMAMSupport
  THE ARRAY NAME CONTAINING THE SUPPORT SECTION ID INFORMATION IS SUPPSECT

 *** NOTE ***                            CP =       2.031   TIME= 11:15:39
 The automatic domain decomposition logic has selected the MESH domain   
 decomposition method with 4 processes per solution.                     

 THE PREHEAT TEMPERATURE IS SET TO    120.00    

 *** NOTE ***                            CP =       2.047   TIME= 11:15:39
 The preheat only sets the starting temperature for the simulation.  Be  
 sure to supply the appropriate boundary conditions to the bottom of     
 the plate (e.g.  Temperature constraint or heat generation).            

 Use Quasi-Linear Thermal Transient Solution
   Tolerance for Reform of Thermal Matrix=     0.050
   ***** Fast Property Table Information *****
    Number of entries per property=    64
    Minimum temperature =     20.00
    Maximum temperature =   1827.00
  Enable multipass algorithm

 NLHIST: ADDED NODAL RESULTS HISTORY FOR:
       NAME = MAX_TEMP                        
  ITEM/COMP = TEMPMAX 
       NODE =         0

 NLHIST: ADDED NODAL RESULTS HISTORY FOR:
       NAME = MIN_TEMP                        
  ITEM/COMP = TEMPMIN 
       NODE =         0
 ********* Initial Time Increment Check And Fourier Modulus *********
  Specified Initial Time Increment: 0.01
  Estimated Increment Needed, le*le/alpha, Body 1: 0.0262023
  Estimated Increment Needed, le*le/alpha, Body 2: 0.0262023
  Estimated Increment Needed, le*le/alpha, Body 3: 0.0140781
 ****************************************************
 ******************* SOLVE FOR LS 1 OF 2 ****************

 SPECIFIED CONSTRAINT TEMP FOR PICKED NODES 
 REAL=  80.0000000       IMAG=  0.00000000    

 PRINTOUT RESUMED BY /GOP

 ERASE THE CURRENT DATABASE OUTPUT CONTROL TABLE.


 WRITE ALL  ITEMS TO THE DATABASE WITH A FREQUENCY OF NONE
   FOR ALL APPLICABLE ENTITIES

 WRITE NSOL ITEMS TO THE DATABASE WITH A FREQUENCY OF ALL 
   FOR ALL APPLICABLE ENTITIES

 WRITE RSOL ITEMS TO THE DATABASE WITH A FREQUENCY OF ALL 
   FOR ALL APPLICABLE ENTITIES

 CONVERGENCE ON HEAT BASED ON THE NORM OF THE N-R LOAD
   WITH A TOLERANCE OF 0.1000E-02 AND A MINIMUM REFERENCE VALUE OF 0.1000E-05
   USING THE L2 NORM (CHECK THE SRSS VALUE)
 *********** Send AM Build Conditions Options ***********

 THE GAS TEMPERATURE IS SET TO    120.00    
 THE GAS CONVECTION COEFFICIENT IS SET TO    0.0000    
  CONVECTION FROM THE PART TO THE BUILD VOLUME GAS IS NOT INCLUDED AND 
  RADIATION IS ALSO IGNORED DURING THE BUILD

 CONVECTION FROM THE PART TO THE BUILD VOLUME POWDER IS NOT INCLUDED
   THE POWDER TEMPERATURE IS SET TO    120.00    
   THE POWDER CONVECTION COEFFICIENT IS SET TO    0.0000    
   THE POWDER KNOCKDOWN FACTOR FOR CONDUCTION IS SET TO   0.10000E-01

 *GET  ANSINTER_  FROM  ACTI  ITEM=INT        VALUE=  0.00000000    

 *IF  ANSINTER_  ( =   0.00000     )  NE  
      0  ( =   0.00000     )  THEN    

 *ENDIF

 *****  MAPDL AMSTEP   COMMAND  *****

 *** WARNING ***                         CP =       2.500   TIME= 11:15:40
 Element shape checking is currently inactive.  Issue SHPP,ON or         
 SHPP,WARN to reactivate, if desired.                                    

 *** NOTE ***                            CP =       2.516   TIME= 11:15:40
 The model data was checked and warning messages were found.             
  Please review output or errors file (                                  
 C:\Users\018219877\Downloads\LBPF\ANSYS\lpbfsim_Mech_Files\TransientThe 
 ermal_2\file0.err ) for these warning messages.                         

 *** MAPDL - ENGINEERING ANALYSIS SYSTEM  RELEASE 2025 R1          25.1     ***
 Ansys Mechanical Enterprise Academic Research     
 00479296  VERSION=WINDOWS x64   11:15:40  APR 04, 2026 CP=      2.516

 --Transient Thermal                                                           



                       S O L U T I O N   O P T I O N S

   PROBLEM DIMENSIONALITY. . . . . . . . . . . . .3-D                  
   DEGREES OF FREEDOM. . . . . . TEMP
   ANALYSIS TYPE . . . . . . . . . . . . . . . . .TRANSIENT            
      SOLUTION METHOD. . . . . . . . . . . . . . .QUASI                
   OFFSET TEMPERATURE FROM ABSOLUTE ZERO . . . . .  273.15    
   PLASTIC MATERIAL PROPERTIES INCLUDED. . . . . .YES
   NEWTON-RAPHSON OPTION . . . . . . . . . . . . .PROGRAM CHOSEN   
   GLOBALLY ASSEMBLED MATRIX . . . . . . . . . . .SYMMETRIC  

 *** NOTE ***                            CP =       2.516   TIME= 11:15:40
 Property ALPX of material 1 is defined over a temperature range from    
 427 to 1827 which does not include the uniform temperature (22).        
 Change either temperature range or the uniform temperature.  Checking   
 for this condition discontinues.                                        

 *** NOTE ***                            CP =       2.516   TIME= 11:15:40
 The conditions for direct assembly have been met.  No .emat or .erot    
 files will be produced.                                                 

  
  
     D I S T R I B U T E D   D O M A I N   D E C O M P O S E R
  
  ...Number of elements: 5988
  ...Number of nodes:    13475
  ...Decompose to 4 CPU domains
  ...Element load balance ratio =     1.001


 *** WARNING ***                         CP =       3.172   TIME= 11:15:40
 The input for the Z-coordinate of the top of the build plate 0 does not 
 match the minimum Z-coordinate of 9.999992251E-05 found in build        
 elements.  The base Z-coordinate has been changed to 9.999992251E-05.   

                      L O A D   S T E P   O P T I O N S

   MAXIMUM NUMBER OF EQUILIBRIUM ITERATIONS. . . .    15
   STEP CHANGE BOUNDARY CONDITIONS . . . . . . . .   YES
   TRANSIENT (INERTIA) EFFECTS
      THERMAL DOFS . . . . . . . . . . . . . . . .    ON
   TRANSIENT INTEGRATION PARAMETERS
      THETA. . . . . . . . . . . . . . . . . . . .  1.0000    
      OSCILLATION LIMIT CRITERION. . . . . . . . . 0.50000    
      TOLERANCE. . . . . . . . . . . . . . . . . .  0.0000    
   TERMINATE ANALYSIS IF NOT CONVERGED . . . . . .YES (EXIT)  
   CONVERGENCE CONTROLS
      LABEL   REFERENCE    TOLERANCE  NORM     MINREF
       HEAT    0.000       0.1000E-02   2     0.1000E-05
   COPY INTEGRATION POINT VALUES TO NODE . . . . .YES, FOR ELEMENTS WITH
                                                  ACTIVE MAT. NONLINEARITIES
   PRINT OUTPUT CONTROLS . . . . . . . . . . . . .NO PRINTOUT
   DATABASE OUTPUT CONTROLS
      ITEM     FREQUENCY   COMPONENT
       ALL       NONE               
      NSOL        ALL               
      RSOL        ALL               


 SOLUTION MONITORING INFO IS WRITTEN TO FILE= file.mntr                                                                                                                                                                                                                                                           

                        A D D I T I V E   S T E P

   STEP TYPE . . . . . . . . . . . . . . . . . . .BUILD
   PREHEAT TEMPERATURE . . . . . . . . . . . . . .  120.00    
   MESH LAYER HEIGHT . . . . . . . . . . . . . . . 0.30000E-03
   END LAYER NUMBER. . . . . . . . . . . . . . . .    13
   NUMBER OF STEPS TO APPLY HEATING. . . . . . . .     2
   NUMBER OF STEPS BETWEEN LAYERS. . . . . . . . .     2

   LAYER . . . . . . . . . . . . . . . . . . . . .     1

   LOAD STEP . . . . . . . . . . . . . . . . . . .     1
   ACTION. . . . . . . . . . . . . . . . . . . . .APPLY HEAT
   TIME SPAN OF LOAD STEP. . . . . . . . . . . . . 0.10412E-01
   TIME AT END OF LOAD STEP. . . . . . . . . . . . 0.10412E-01
   TIME STEP SIZE. . . . . . . . . . . . . . . . . 0.52059E-02

 *** WARNING ***                         CP =       3.203   TIME= 11:15:40
 Material property KXX of material 1 of element 1 is evaluated at a      
 temperature of 20, which is below the supplied temperature range.       
 Temperature range checking terminates.                                  

 *** WARNING ***                         CP =       3.203   TIME= 11:15:40
 Material property KXX of material 1 of element 1 is evaluated at a      
 temperature of 20, which is below the supplied temperature range.       
 Temperature range checking terminates.                                  

 *** WARNING ***                         CP =       3.203   TIME= 11:15:40
 Material property KXX of material 1 of element 1 is evaluated at a      
 temperature of 20, which is below the supplied temperature range.       
 Temperature range checking terminates.                                  

 Element birth/death status change detected 
 The below mass and moment of inertia printout does
 not include the effect of the mass of dead elements.
 The dead/alive status is that of the first load step.



            **** CENTER OF MASS, MASS, AND MASS MOMENTS OF INERTIA ****

  CALCULATIONS ASSUME ELEMENT MASS AT ELEMENT CENTROID

  TOTAL MASS =  0.16397E-02

                           MOM. OF INERTIA         MOM. OF INERTIA
  CENTER OF MASS            ABOUT ORIGIN        ABOUT CENTER OF MASS

  XC = -0.10141E-10      IXX =   0.1527E-07      IXX =   0.1380E-07
  YC = -0.10141E-10      IYY =   0.1527E-07      IYY =   0.1380E-07
  ZC = -0.94685E-03      IZZ =   0.2642E-07      IZZ =   0.2642E-07
                         IXY =  -0.4428E-23      IXY =  -0.4260E-23
                         IYZ =   0.4157E-17      IYZ =   0.1990E-16
                         IZX =   0.4157E-17      IZX =   0.1990E-16


  *** MASS SUMMARY BY ELEMENT TYPE ***

  TYPE      MASS
     2  0.697250E-04
     3  0.157000E-02

 Range of element maximum matrix coefficients in global coordinates
 Maximum = 2.945555556E-02 at element 5039.                              
 Minimum = 1.273601969E-05 at element 520.                               

   *** ELEMENT MATRIX FORMULATION TIMES
     TYPE    NUMBER   ENAME      TOTAL CP  AVE CP

        1      3440  SOLID278      0.062   0.000018
        2       948  SOLID278      0.031   0.000033
        3      1600  SOLID279      0.094   0.000059
 Time at end of element matrix formulation CP = 3.28125.                 

 DISTRIBUTED SPARSE MATRIX DIRECT SOLVER.
  Number of equations =       12829,    Maximum wavefront =     68


  Memory allocated on only this MPI rank (rank     0)
  -------------------------------------------------------------------
  Equation solver memory allocated                     =     7.623 MB
  Equation solver memory required for in-core mode     =     7.303 MB
  Equation solver memory required for out-of-core mode =     3.487 MB
  Total (solver and non-solver) memory allocated       =   434.915 MB


  Total memory summed across all MPI ranks on this machines
  -------------------------------------------------------------------
  Equation solver memory allocated                     =    38.322 MB
  Equation solver memory required for in-core mode     =    36.776 MB
  Equation solver memory required for out-of-core mode =    18.510 MB
  Total (solver and non-solver) memory allocated       =   906.943 MB

 *** NOTE ***                            CP =       3.672   TIME= 11:15:41
 The Distributed Sparse Matrix Solver is currently running in the        
 in-core memory mode.  This memory mode uses the most amount of memory   
 in order to avoid using the hard drive as much as possible, which most  
 often results in the fastest solution time.  This mode is recommended   
 if enough physical memory is present to accommodate all of the solver   
 data.                                                                   
 Distributed sparse solver maximum pivot= 0.136299537 at node 6839 TEMP. 
 Distributed sparse solver minimum pivot= 1.27360197E-11 at node 3972    
 TEMP.                                                                   
 Distributed sparse solver minimum pivot in absolute value=              
 1.27360197E-11 at node 3972 TEMP.                                       
 Max. Temperature Change=   1140.00
 Property Change        =   1.51508
 Property Change Limit  =   0.05000

   *** ELEMENT RESULT CALCULATION TIMES
     TYPE    NUMBER   ENAME      TOTAL CP  AVE CP

        2       316  SOLID278      0.000   0.000000
        3      1600  SOLID279      0.000   0.000000

   *** NODAL LOAD CALCULATION TIMES
     TYPE    NUMBER   ENAME      TOTAL CP  AVE CP

        2       316  SOLID278      0.000   0.000000
        3      1600  SOLID279      0.000   0.000000
 *** LOAD STEP     1   SUBSTEP     1  COMPLETED.    CUM ITER =      1
 *** TIME =  0.520593E-02     TIME INC =  0.520593E-02  NEW TRIANG MATRIX
 *** RESPONSE EIGENVALUE =  1.844       OSCILLATION LIMIT = 0.9601E-02

 Max. Temperature Change=     12.97
 Property Change        =   0.01724
 Property Change Limit  =   0.05000
 *** LOAD STEP     1   SUBSTEP     2  COMPLETED.    CUM ITER =      2
 *** TIME =  0.104119E-01     TIME INC =  0.520593E-02  NEW TRIANG MATRIX
 *** RESPONSE EIGENVALUE =  99.64       OSCILLATION LIMIT = 0.5187    

   LOAD STEP . . . . . . . . . . . . . . . . . . .     2
   ACTION. . . . . . . . . . . . . . . . . . . . .COOL BETWEEN LAYERS
   TIME SPAN OF LOAD STEP. . . . . . . . . . . . .  20.856    
   TIME AT END OF LOAD STEP. . . . . . . . . . . .  20.866    
   TIME STEP SIZE. . . . . . . . . . . . . . . . .  10.428    

 Max. Temperature Change=    560.12
 Property Change        =   0.74442
 Property Change Limit  =   0.05000
 *** LOAD STEP     2   SUBSTEP     1  COMPLETED.    CUM ITER =      3
 *** TIME =   10.4383         TIME INC =   10.4279      NEW TRIANG MATRIX

 Max. Temperature Change=     11.77
 Property Change        =   0.01564
 Property Change Limit  =   0.05000
 *** LOAD STEP     2   SUBSTEP     2  COMPLETED.    CUM ITER =      4
 *** TIME =   20.8661         TIME INC =   10.4279      NEW TRIANG MATRIX

   LAYER . . . . . . . . . . . . . . . . . . . . .     2

   LOAD STEP . . . . . . . . . . . . . . . . . . .     3
   ACTION. . . . . . . . . . . . . . . . . . . . .APPLY HEAT
   TIME SPAN OF LOAD STEP. . . . . . . . . . . . . 0.10412E-01
   TIME AT END OF LOAD STEP. . . . . . . . . . . .  20.877    
   TIME STEP SIZE. . . . . . . . . . . . . . . . . 0.52059E-02

 Element birth/death status change detected 
 Max. Temperature Change=    558.92
 Property Change        =   0.74282
 Property Change Limit  =   0.05000
 *** LOAD STEP     3   SUBSTEP     1  COMPLETED.    CUM ITER =      5
 *** TIME =   20.8713         TIME INC =  0.520593E-02  NEW TRIANG MATRIX
 *** RESPONSE EIGENVALUE =  14.24       OSCILLATION LIMIT = 0.7414E-01

 Max. Temperature Change=    120.98
 Property Change        =   0.16078
 Property Change Limit  =   0.05000
 *** LOAD STEP     3   SUBSTEP     2  COMPLETED.    CUM ITER =      6
 *** TIME =   20.8765         TIME INC =  0.520593E-02  NEW TRIANG MATRIX
 *** RESPONSE EIGENVALUE =  99.91       OSCILLATION LIMIT = 0.5201    

   LOAD STEP . . . . . . . . . . . . . . . . . . .     4
   ACTION. . . . . . . . . . . . . . . . . . . . .COOL BETWEEN LAYERS
   TIME SPAN OF LOAD STEP. . . . . . . . . . . . .  20.856    
   TIME AT END OF LOAD STEP. . . . . . . . . . . .  41.732    
   TIME STEP SIZE. . . . . . . . . . . . . . . . .  10.428    

 Max. Temperature Change=    174.10
 Property Change        =   0.23139
 Property Change Limit  =   0.05000
 *** LOAD STEP     4   SUBSTEP     1  COMPLETED.    CUM ITER =      7
 *** TIME =   31.3044         TIME INC =   10.4279      NEW TRIANG MATRIX

 Max. Temperature Change=      0.24
 Property Change        =   0.00032
 Property Change Limit  =   0.05000
 *** LOAD STEP     4   SUBSTEP     2  COMPLETED.    CUM ITER =      8
 *** TIME =   41.7322         TIME INC =   10.4279      NEW TRIANG MATRIX

   LAYER . . . . . . . . . . . . . . . . . . . . .     3

   LOAD STEP . . . . . . . . . . . . . . . . . . .     5
   ACTION. . . . . . . . . . . . . . . . . . . . .APPLY HEAT
   TIME SPAN OF LOAD STEP. . . . . . . . . . . . . 0.10412E-01
   TIME AT END OF LOAD STEP. . . . . . . . . . . .  41.743    
   TIME STEP SIZE. . . . . . . . . . . . . . . . . 0.52059E-02

 Element birth/death status change detected 
 Max. Temperature Change=     58.34
 Property Change        =   0.07753
 Property Change Limit  =   0.05000
 *** LOAD STEP     5   SUBSTEP     1  COMPLETED.    CUM ITER =      9
 *** TIME =   41.7375         TIME INC =  0.520593E-02  NEW TRIANG MATRIX
 *** RESPONSE EIGENVALUE =  20.90       OSCILLATION LIMIT = 0.1088    

 Max. Temperature Change=      7.24
 Property Change        =   0.00962
 Property Change Limit  =   0.05000
 *** LOAD STEP     5   SUBSTEP     2  COMPLETED.    CUM ITER =     10
 *** TIME =   41.7427         TIME INC =  0.520593E-02  NEW TRIANG MATRIX
 *** RESPONSE EIGENVALUE =  42.69       OSCILLATION LIMIT = 0.2223    

   LOAD STEP . . . . . . . . . . . . . . . . . . .     6
   ACTION. . . . . . . . . . . . . . . . . . . . .COOL BETWEEN LAYERS
   TIME SPAN OF LOAD STEP. . . . . . . . . . . . .  20.856    
   TIME AT END OF LOAD STEP. . . . . . . . . . . .  62.598    
   TIME STEP SIZE. . . . . . . . . . . . . . . . .  10.428    

 Max. Temperature Change=     32.69
 Property Change        =   0.04345
 Property Change Limit  =   0.05000
 *** LOAD STEP     6   SUBSTEP     1  COMPLETED.    CUM ITER =     11
 *** TIME =   52.1705         TIME INC =   10.4279      NEW TRIANG MATRIX

 Max. Temperature Change=     32.94
 Property Change        =   0.04378
 Property Change Limit  =   0.05000
 *** LOAD STEP     6   SUBSTEP     2  COMPLETED.    CUM ITER =     12
 *** TIME =   62.5984         TIME INC =   10.4279      NEW TRIANG MATRIX

   LAYER . . . . . . . . . . . . . . . . . . . . .     4

   LOAD STEP . . . . . . . . . . . . . . . . . . .     7
   ACTION. . . . . . . . . . . . . . . . . . . . .APPLY HEAT
   TIME SPAN OF LOAD STEP. . . . . . . . . . . . . 0.10412E-01
   TIME AT END OF LOAD STEP. . . . . . . . . . . .  62.609    
   TIME STEP SIZE. . . . . . . . . . . . . . . . . 0.52059E-02

 Element birth/death status change detected 
 Max. Temperature Change=     22.17
 Property Change        =   0.02946
 Property Change Limit  =   0.05000
 *** LOAD STEP     7   SUBSTEP     1  COMPLETED.    CUM ITER =     13
 *** TIME =   62.6036         TIME INC =  0.520593E-02  NEW TRIANG MATRIX
 *** RESPONSE EIGENVALUE =  11.76       OSCILLATION LIMIT = 0.6123E-01

 Max. Temperature Change=     22.17
 Property Change        =   0.02946
 Property Change Limit  =   0.05000
 *** LOAD STEP     7   SUBSTEP     2  COMPLETED.    CUM ITER =     14
 *** TIME =   62.6088         TIME INC =  0.520593E-02  NEW TRIANG MATRIX
 *** RESPONSE EIGENVALUE =  57.58       OSCILLATION LIMIT = 0.2998    

   LOAD STEP . . . . . . . . . . . . . . . . . . .     8
   ACTION. . . . . . . . . . . . . . . . . . . . .COOL BETWEEN LAYERS
   TIME SPAN OF LOAD STEP. . . . . . . . . . . . .  20.856    
   TIME AT END OF LOAD STEP. . . . . . . . . . . .  83.465    
   TIME STEP SIZE. . . . . . . . . . . . . . . . .  10.428    

 Max. Temperature Change=     14.39
 Property Change        =   0.01913
 Property Change Limit  =   0.05000
 *** LOAD STEP     8   SUBSTEP     1  COMPLETED.    CUM ITER =     15
 *** TIME =   73.0368         TIME INC =   10.4280      NEW TRIANG MATRIX

 Max. Temperature Change=     13.17
 Property Change        =   0.01750
 Property Change Limit  =   0.05000
 *** LOAD STEP     8   SUBSTEP     2  COMPLETED.    CUM ITER =     16
 *** TIME =   83.4648         TIME INC =   10.4280      NEW TRIANG MATRIX

   LAYER . . . . . . . . . . . . . . . . . . . . .     5

   LOAD STEP . . . . . . . . . . . . . . . . . . .     9
   ACTION. . . . . . . . . . . . . . . . . . . . .APPLY HEAT
   TIME SPAN OF LOAD STEP. . . . . . . . . . . . . 0.10412E-01
   TIME AT END OF LOAD STEP. . . . . . . . . . . .  83.475    
   TIME STEP SIZE. . . . . . . . . . . . . . . . . 0.52059E-02

 Element birth/death status change detected 
 Max. Temperature Change=      9.14
 Property Change        =   0.01215
 Property Change Limit  =   0.05000
 *** LOAD STEP     9   SUBSTEP     1  COMPLETED.    CUM ITER =     17
 *** TIME =   83.4701         TIME INC =  0.520593E-02  NEW TRIANG MATRIX
 *** RESPONSE EIGENVALUE =  17.72       OSCILLATION LIMIT = 0.9223E-01

 Max. Temperature Change=      9.14
 Property Change        =   0.01215
 Property Change Limit  =   0.05000
 *** LOAD STEP     9   SUBSTEP     2  COMPLETED.    CUM ITER =     18
 *** TIME =   83.4753         TIME INC =  0.520593E-02  NEW TRIANG MATRIX
 *** RESPONSE EIGENVALUE =  69.62       OSCILLATION LIMIT = 0.3624    

   LOAD STEP . . . . . . . . . . . . . . . . . . .    10
   ACTION. . . . . . . . . . . . . . . . . . . . .COOL BETWEEN LAYERS
   TIME SPAN OF LOAD STEP. . . . . . . . . . . . .  20.856    
   TIME AT END OF LOAD STEP. . . . . . . . . . . .  104.33    
   TIME STEP SIZE. . . . . . . . . . . . . . . . .  10.428    

 Max. Temperature Change=      5.26
 Property Change        =   0.00700
 Property Change Limit  =   0.05000
 *** LOAD STEP    10   SUBSTEP     1  COMPLETED.    CUM ITER =     19
 *** TIME =   93.9033         TIME INC =   10.4280      NEW TRIANG MATRIX

 Max. Temperature Change=      4.96
 Property Change        =   0.00659
 Property Change Limit  =   0.05000
 *** LOAD STEP    10   SUBSTEP     2  COMPLETED.    CUM ITER =     20
 *** TIME =   104.331         TIME INC =   10.4280      NEW TRIANG MATRIX

   LAYER . . . . . . . . . . . . . . . . . . . . .     6

   LOAD STEP . . . . . . . . . . . . . . . . . . .    11
   ACTION. . . . . . . . . . . . . . . . . . . . .APPLY HEAT
   TIME SPAN OF LOAD STEP. . . . . . . . . . . . . 0.10412E-01
   TIME AT END OF LOAD STEP. . . . . . . . . . . .  104.34    
   TIME STEP SIZE. . . . . . . . . . . . . . . . . 0.52059E-02

 Element birth/death status change detected 
 Max. Temperature Change=      4.22
 Property Change        =   0.00560
 Property Change Limit  =   0.05000
 *** LOAD STEP    11   SUBSTEP     1  COMPLETED.    CUM ITER =     21
 *** TIME =   104.337         TIME INC =  0.520593E-02  NEW TRIANG MATRIX
 *** RESPONSE EIGENVALUE =  20.42       OSCILLATION LIMIT = 0.1063    

 Max. Temperature Change=      4.22
 Property Change        =   0.00560
 Property Change Limit  =   0.05000
 *** LOAD STEP    11   SUBSTEP     2  COMPLETED.    CUM ITER =     22
 *** TIME =   104.342         TIME INC =  0.520593E-02  NEW TRIANG MATRIX
 *** RESPONSE EIGENVALUE =  52.63       OSCILLATION LIMIT = 0.2740    

   LOAD STEP . . . . . . . . . . . . . . . . . . .    12
   ACTION. . . . . . . . . . . . . . . . . . . . .COOL BETWEEN LAYERS
   TIME SPAN OF LOAD STEP. . . . . . . . . . . . .  20.856    
   TIME AT END OF LOAD STEP. . . . . . . . . . . .  125.20    
   TIME STEP SIZE. . . . . . . . . . . . . . . . .  10.428    

 Max. Temperature Change=      1.99
 Property Change        =   0.00265
 Property Change Limit  =   0.05000
 *** LOAD STEP    12   SUBSTEP     1  COMPLETED.    CUM ITER =     23
 *** TIME =   114.770         TIME INC =   10.4280      NEW TRIANG MATRIX

 Max. Temperature Change=      1.80
 Property Change        =   0.00239
 Property Change Limit  =   0.05000
 *** LOAD STEP    12   SUBSTEP     2  COMPLETED.    CUM ITER =     24
 *** TIME =   125.198         TIME INC =   10.4280      NEW TRIANG MATRIX

   LAYER . . . . . . . . . . . . . . . . . . . . .     7

   LOAD STEP . . . . . . . . . . . . . . . . . . .    13
   ACTION. . . . . . . . . . . . . . . . . . . . .APPLY HEAT
   TIME SPAN OF LOAD STEP. . . . . . . . . . . . . 0.10412E-01
   TIME AT END OF LOAD STEP. . . . . . . . . . . .  125.21    
   TIME STEP SIZE. . . . . . . . . . . . . . . . . 0.52059E-02

 Element birth/death status change detected 
 Max. Temperature Change=      2.43
 Property Change        =   0.00323
 Property Change Limit  =   0.05000
 *** LOAD STEP    13   SUBSTEP     1  COMPLETED.    CUM ITER =     25
 *** TIME =   125.203         TIME INC =  0.520593E-02  NEW TRIANG MATRIX
 *** RESPONSE EIGENVALUE =  20.54       OSCILLATION LIMIT = 0.1069    

 Max. Temperature Change=      2.43
 Property Change        =   0.00323
 Property Change Limit  =   0.05000
 *** LOAD STEP    13   SUBSTEP     2  COMPLETED.    CUM ITER =     26
 *** TIME =   125.208         TIME INC =  0.520593E-02  NEW TRIANG MATRIX

   LOAD STEP . . . . . . . . . . . . . . . . . . .    14
   ACTION. . . . . . . . . . . . . . . . . . . . .COOL BETWEEN LAYERS
   TIME SPAN OF LOAD STEP. . . . . . . . . . . . .  20.856    
   TIME AT END OF LOAD STEP. . . . . . . . . . . .  146.06    
   TIME STEP SIZE. . . . . . . . . . . . . . . . .  10.428    

 Max. Temperature Change=      0.98
 Property Change        =   0.00130
 Property Change Limit  =   0.05000
 *** LOAD STEP    14   SUBSTEP     1  COMPLETED.    CUM ITER =     27
 *** TIME =   135.636         TIME INC =   10.4280      NEW TRIANG MATRIX

 Max. Temperature Change=      0.85
 Property Change        =   0.00112
 Property Change Limit  =   0.05000
 *** LOAD STEP    14   SUBSTEP     2  COMPLETED.    CUM ITER =     28
 *** TIME =   146.064         TIME INC =   10.4280      NEW TRIANG MATRIX

   LAYER . . . . . . . . . . . . . . . . . . . . .     8

   LOAD STEP . . . . . . . . . . . . . . . . . . .    15
   ACTION. . . . . . . . . . . . . . . . . . . . .APPLY HEAT
   TIME SPAN OF LOAD STEP. . . . . . . . . . . . . 0.10412E-01
   TIME AT END OF LOAD STEP. . . . . . . . . . . .  146.07    
   TIME STEP SIZE. . . . . . . . . . . . . . . . . 0.52059E-02

 Element birth/death status change detected 
 Max. Temperature Change=      1.60
 Property Change        =   0.00212
 Property Change Limit  =   0.05000
 *** LOAD STEP    15   SUBSTEP     1  COMPLETED.    CUM ITER =     29
 *** TIME =   146.069         TIME INC =  0.520593E-02  NEW TRIANG MATRIX
 *** RESPONSE EIGENVALUE =  20.53       OSCILLATION LIMIT = 0.1069    

 Max. Temperature Change=      1.60
 Property Change        =   0.00212
 Property Change Limit  =   0.05000
 *** LOAD STEP    15   SUBSTEP     2  COMPLETED.    CUM ITER =     30
 *** TIME =   146.075         TIME INC =  0.520593E-02  NEW TRIANG MATRIX

   LOAD STEP . . . . . . . . . . . . . . . . . . .    16
   ACTION. . . . . . . . . . . . . . . . . . . . .COOL BETWEEN LAYERS
   TIME SPAN OF LOAD STEP. . . . . . . . . . . . .  20.856    
   TIME AT END OF LOAD STEP. . . . . . . . . . . .  166.93    
   TIME STEP SIZE. . . . . . . . . . . . . . . . .  10.428    

 Max. Temperature Change=      0.57
 Property Change        =   0.00075
 Property Change Limit  =   0.05000
 *** LOAD STEP    16   SUBSTEP     1  COMPLETED.    CUM ITER =     31
 *** TIME =   156.503         TIME INC =   10.4280      NEW TRIANG MATRIX

 Max. Temperature Change=      0.47
 Property Change        =   0.00062
 Property Change Limit  =   0.05000
 *** LOAD STEP    16   SUBSTEP     2  COMPLETED.    CUM ITER =     32
 *** TIME =   166.931         TIME INC =   10.4280      NEW TRIANG MATRIX

   LAYER . . . . . . . . . . . . . . . . . . . . .     9

   LOAD STEP . . . . . . . . . . . . . . . . . . .    17
   ACTION. . . . . . . . . . . . . . . . . . . . .APPLY HEAT
   TIME SPAN OF LOAD STEP. . . . . . . . . . . . . 0.10412E-01
   TIME AT END OF LOAD STEP. . . . . . . . . . . .  166.94    
   TIME STEP SIZE. . . . . . . . . . . . . . . . . 0.52059E-02

 Element birth/death status change detected 
 Max. Temperature Change=      1.13
 Property Change        =   0.00151
 Property Change Limit  =   0.05000
 *** LOAD STEP    17   SUBSTEP     1  COMPLETED.    CUM ITER =     33
 *** TIME =   166.936         TIME INC =  0.520593E-02  NEW TRIANG MATRIX
 *** RESPONSE EIGENVALUE =  20.53       OSCILLATION LIMIT = 0.1069    

 Max. Temperature Change=      1.13
 Property Change        =   0.00151
 Property Change Limit  =   0.05000
 *** LOAD STEP    17   SUBSTEP     2  COMPLETED.    CUM ITER =     34
 *** TIME =   166.941         TIME INC =  0.520593E-02  NEW TRIANG MATRIX

   LOAD STEP . . . . . . . . . . . . . . . . . . .    18
   ACTION. . . . . . . . . . . . . . . . . . . . .COOL BETWEEN LAYERS
   TIME SPAN OF LOAD STEP. . . . . . . . . . . . .  20.856    
   TIME AT END OF LOAD STEP. . . . . . . . . . . .  187.80    
   TIME STEP SIZE. . . . . . . . . . . . . . . . .  10.428    

 Max. Temperature Change=      0.36
 Property Change        =   0.00048
 Property Change Limit  =   0.05000
 *** LOAD STEP    18   SUBSTEP     1  COMPLETED.    CUM ITER =     35
 *** TIME =   177.369         TIME INC =   10.4280      NEW TRIANG MATRIX

 Max. Temperature Change=      0.29
 Property Change        =   0.00038
 Property Change Limit  =   0.05000
 *** LOAD STEP    18   SUBSTEP     2  COMPLETED.    CUM ITER =     36
 *** TIME =   187.797         TIME INC =   10.4280      NEW TRIANG MATRIX

   LAYER . . . . . . . . . . . . . . . . . . . . .    10

   LOAD STEP . . . . . . . . . . . . . . . . . . .    19
   ACTION. . . . . . . . . . . . . . . . . . . . .APPLY HEAT
   TIME SPAN OF LOAD STEP. . . . . . . . . . . . . 0.10412E-01
   TIME AT END OF LOAD STEP. . . . . . . . . . . .  187.81    
   TIME STEP SIZE. . . . . . . . . . . . . . . . . 0.52059E-02

 Element birth/death status change detected 
 Max. Temperature Change=      0.85
 Property Change        =   0.00113
 Property Change Limit  =   0.05000
 *** LOAD STEP    19   SUBSTEP     1  COMPLETED.    CUM ITER =     37
 *** TIME =   187.802         TIME INC =  0.520593E-02  NEW TRIANG MATRIX
 *** RESPONSE EIGENVALUE =  20.52       OSCILLATION LIMIT = 0.1068    

 Max. Temperature Change=      0.85
 Property Change        =   0.00113
 Property Change Limit  =   0.05000
 *** LOAD STEP    19   SUBSTEP     2  COMPLETED.    CUM ITER =     38
 *** TIME =   187.808         TIME INC =  0.520593E-02  NEW TRIANG MATRIX

   LOAD STEP . . . . . . . . . . . . . . . . . . .    20
   ACTION. . . . . . . . . . . . . . . . . . . . .COOL BETWEEN LAYERS
   TIME SPAN OF LOAD STEP. . . . . . . . . . . . .  20.856    
   TIME AT END OF LOAD STEP. . . . . . . . . . . .  208.66    
   TIME STEP SIZE. . . . . . . . . . . . . . . . .  10.428    

 Max. Temperature Change=      0.25
 Property Change        =   0.00033
 Property Change Limit  =   0.05000
 *** LOAD STEP    20   SUBSTEP     1  COMPLETED.    CUM ITER =     39
 *** TIME =   198.236         TIME INC =   10.4280      NEW TRIANG MATRIX

 Max. Temperature Change=      0.19
 Property Change        =   0.00025
 Property Change Limit  =   0.05000
 *** LOAD STEP    20   SUBSTEP     2  COMPLETED.    CUM ITER =     40
 *** TIME =   208.664         TIME INC =   10.4280      NEW TRIANG MATRIX

   LAYER . . . . . . . . . . . . . . . . . . . . .    11

   LOAD STEP . . . . . . . . . . . . . . . . . . .    21
   ACTION. . . . . . . . . . . . . . . . . . . . .APPLY HEAT
   TIME SPAN OF LOAD STEP. . . . . . . . . . . . . 0.10412E-01
   TIME AT END OF LOAD STEP. . . . . . . . . . . .  208.67    
   TIME STEP SIZE. . . . . . . . . . . . . . . . . 0.52059E-02

 Element birth/death status change detected 
 Max. Temperature Change=      0.66
 Property Change        =   0.00088
 Property Change Limit  =   0.05000
 *** LOAD STEP    21   SUBSTEP     1  COMPLETED.    CUM ITER =     41
 *** TIME =   208.669         TIME INC =  0.520593E-02  NEW TRIANG MATRIX
 *** RESPONSE EIGENVALUE =  20.52       OSCILLATION LIMIT = 0.1068    

 Max. Temperature Change=      0.66
 Property Change        =   0.00088
 Property Change Limit  =   0.05000
 *** LOAD STEP    21   SUBSTEP     2  COMPLETED.    CUM ITER =     42
 *** TIME =   208.674         TIME INC =  0.520593E-02  NEW TRIANG MATRIX

   LOAD STEP . . . . . . . . . . . . . . . . . . .    22
   ACTION. . . . . . . . . . . . . . . . . . . . .COOL BETWEEN LAYERS
   TIME SPAN OF LOAD STEP. . . . . . . . . . . . .  20.856    
   TIME AT END OF LOAD STEP. . . . . . . . . . . .  229.53    
   TIME STEP SIZE. . . . . . . . . . . . . . . . .  10.428    

 Max. Temperature Change=      0.18
 Property Change        =   0.00024
 Property Change Limit  =   0.05000
 *** LOAD STEP    22   SUBSTEP     1  COMPLETED.    CUM ITER =     43
 *** TIME =   219.102         TIME INC =   10.4280      NEW TRIANG MATRIX

 Max. Temperature Change=      0.13
 Property Change        =   0.00018
 Property Change Limit  =   0.05000
 *** LOAD STEP    22   SUBSTEP     2  COMPLETED.    CUM ITER =     44
 *** TIME =   229.530         TIME INC =   10.4280      NEW TRIANG MATRIX

   LAYER . . . . . . . . . . . . . . . . . . . . .    12

   LOAD STEP . . . . . . . . . . . . . . . . . . .    23
   ACTION. . . . . . . . . . . . . . . . . . . . .APPLY HEAT
   TIME SPAN OF LOAD STEP. . . . . . . . . . . . . 0.10412E-01
   TIME AT END OF LOAD STEP. . . . . . . . . . . .  229.54    
   TIME STEP SIZE. . . . . . . . . . . . . . . . . 0.52059E-02

 Element birth/death status change detected 
 Max. Temperature Change=      0.53
 Property Change        =   0.00071
 Property Change Limit  =   0.05000
 *** LOAD STEP    23   SUBSTEP     1  COMPLETED.    CUM ITER =     45
 *** TIME =   229.535         TIME INC =  0.520593E-02  NEW TRIANG MATRIX
 *** RESPONSE EIGENVALUE =  20.51       OSCILLATION LIMIT = 0.1068    

 Max. Temperature Change=      0.53
 Property Change        =   0.00071
 Property Change Limit  =   0.05000
 *** LOAD STEP    23   SUBSTEP     2  COMPLETED.    CUM ITER =     46
 *** TIME =   229.541         TIME INC =  0.520593E-02  NEW TRIANG MATRIX

   LOAD STEP . . . . . . . . . . . . . . . . . . .    24
   ACTION. . . . . . . . . . . . . . . . . . . . .COOL BETWEEN LAYERS
   TIME SPAN OF LOAD STEP. . . . . . . . . . . . .  20.856    
   TIME AT END OF LOAD STEP. . . . . . . . . . . .  250.40    
   TIME STEP SIZE. . . . . . . . . . . . . . . . .  10.428    

 Max. Temperature Change=      0.14
 Property Change        =   0.00018
 Property Change Limit  =   0.05000
 *** LOAD STEP    24   SUBSTEP     1  COMPLETED.    CUM ITER =     47
 *** TIME =   239.969         TIME INC =   10.4280      NEW TRIANG MATRIX

 Max. Temperature Change=      0.10
 Property Change        =   0.00013
 Property Change Limit  =   0.05000
 *** LOAD STEP    24   SUBSTEP     2  COMPLETED.    CUM ITER =     48
 *** TIME =   250.397         TIME INC =   10.4280      NEW TRIANG MATRIX

   LAYER . . . . . . . . . . . . . . . . . . . . .    13

   LOAD STEP . . . . . . . . . . . . . . . . . . .    25
   ACTION. . . . . . . . . . . . . . . . . . . . .APPLY HEAT
   TIME SPAN OF LOAD STEP. . . . . . . . . . . . . 0.10412E-01
   TIME AT END OF LOAD STEP. . . . . . . . . . . .  250.41    
   TIME STEP SIZE. . . . . . . . . . . . . . . . . 0.52059E-02

 Element birth/death status change detected 
 Max. Temperature Change=      0.44
 Property Change        =   0.00058
 Property Change Limit  =   0.05000
 *** LOAD STEP    25   SUBSTEP     1  COMPLETED.    CUM ITER =     49
 *** TIME =   250.402         TIME INC =  0.520593E-02  NEW TRIANG MATRIX
 *** RESPONSE EIGENVALUE =  20.51       OSCILLATION LIMIT = 0.1068    

 Max. Temperature Change=      0.44
 Property Change        =   0.00058
 Property Change Limit  =   0.05000
 *** LOAD STEP    25   SUBSTEP     2  COMPLETED.    CUM ITER =     50
 *** TIME =   250.407         TIME INC =  0.520593E-02  NEW TRIANG MATRIX

   LOAD STEP . . . . . . . . . . . . . . . . . . .    26
   ACTION. . . . . . . . . . . . . . . . . . . . .COOL BETWEEN LAYERS
   TIME SPAN OF LOAD STEP. . . . . . . . . . . . .  20.856    
   TIME AT END OF LOAD STEP. . . . . . . . . . . .  271.26    
   TIME STEP SIZE. . . . . . . . . . . . . . . . .  10.428    

   APPROXIMATE TIME TO PHYSICALLY BUILD THE PART .  389.80    

 Max. Temperature Change=      0.11
 Property Change        =   0.00014
 Property Change Limit  =   0.05000
 *** LOAD STEP    26   SUBSTEP     1  COMPLETED.    CUM ITER =     51
 *** TIME =   260.835         TIME INC =   10.4280      NEW TRIANG MATRIX

 Max. Temperature Change=      0.07
 Property Change        =   0.00010
 Property Change Limit  =   0.05000
 *** LOAD STEP    26   SUBSTEP     2  COMPLETED.    CUM ITER =     52
 *** TIME =   271.263         TIME INC =   10.4280      NEW TRIANG MATRIX
 *************** Write FE CONNECTORS *********

 WRITE OUT CONSTRAINT EQUATIONS TO FILE= file.ce                                                                                                                                                                                                                                                             
 ****************************************************
 *************** FINISHED SOLVE FOR LS 1 *************
 ****************************************************
 ******************* SOLVE FOR LS 2 OF 2 ****************

 PRINTOUT RESUMED BY /GOP

 ERASE THE CURRENT DATABASE OUTPUT CONTROL TABLE.


 WRITE ALL  ITEMS TO THE DATABASE WITH A FREQUENCY OF NONE
   FOR ALL APPLICABLE ENTITIES

 WRITE NSOL ITEMS TO THE DATABASE WITH A FREQUENCY OF ALL 
   FOR ALL APPLICABLE ENTITIES

 WRITE RSOL ITEMS TO THE DATABASE WITH A FREQUENCY OF ALL 
   FOR ALL APPLICABLE ENTITIES

 CONVERGENCE ON HEAT BASED ON THE NORM OF THE N-R LOAD
   WITH A TOLERANCE OF 0.1000E-02 AND A MINIMUM REFERENCE VALUE OF 0.1000E-05
   USING THE L2 NORM (CHECK THE SRSS VALUE)
 *********** Send AM Cooldown Conditions Options ***********

 THE GAS TEMPERATURE IS SET TO    22.000    
 THE GAS CONVECTION COEFFICIENT IS SET TO    20.000    
  CONVECTION FROM THE PART TO THE BUILD VOLUME GAS IS INCLUDED AND 
  RADIATION IS IGNORED DURING THE BUILD

 CONVECTION FROM THE PART TO THE BUILD VOLUME POWDER IS INCLUDED
   THE POWDER TEMPERATURE IS SET TO    22.000    
   THE POWDER CONVECTION COEFFICIENT IS SET TO    5.0000    
   THE POWDER KNOCKDOWN FACTOR FOR CONDUCTION IS SET TO   0.10000E-01

 *****  MAPDL AMSTEP   COMMAND  *****

 *** MAPDL - ENGINEERING ANALYSIS SYSTEM  RELEASE 2025 R1          25.1     ***
 Ansys Mechanical Enterprise Academic Research     
 00479296  VERSION=WINDOWS x64   11:16:04  APR 04, 2026 CP=     20.609

 --Transient Thermal                                                           



                      L O A D   S T E P   O P T I O N S

   MAXIMUM NUMBER OF EQUILIBRIUM ITERATIONS. . . .    15
   STEP CHANGE BOUNDARY CONDITIONS . . . . . . . .   YES
   TRANSIENT (INERTIA) EFFECTS
      THERMAL DOFS . . . . . . . . . . . . . . . .    ON
   TRANSIENT INTEGRATION PARAMETERS
      THETA. . . . . . . . . . . . . . . . . . . .  1.0000    
      OSCILLATION LIMIT CRITERION. . . . . . . . . 0.50000    
      TOLERANCE. . . . . . . . . . . . . . . . . .  0.0000    
   TERMINATE ANALYSIS IF NOT CONVERGED . . . . . .YES (EXIT)  
   CONVERGENCE CONTROLS
      LABEL   REFERENCE    TOLERANCE  NORM     MINREF
       HEAT    0.000       0.1000E-02   2     0.1000E-05
   COPY INTEGRATION POINT VALUES TO NODE . . . . .YES, FOR ELEMENTS WITH
                                                  ACTIVE MAT. NONLINEARITIES
   PRINT OUTPUT CONTROLS . . . . . . . . . . . . .NO PRINTOUT
   DATABASE OUTPUT CONTROLS
      ITEM     FREQUENCY   COMPONENT
       ALL       NONE               
      NSOL        ALL               
      RSOL        ALL               


 SOLUTION MONITORING INFO IS WRITTEN TO FILE= file.mntr                                                                                                                                                                                                                                                           

                        A D D I T I V E   S T E P

   STEP TYPE . . . . . . . . . . . . . . . . . . .COOL DOWN
   AMBIENT TEMPERATURE . . . . . . . . . . . . . .  22.000    
   NUMBER OF STEPS DURING COOL DOWN. . . . . . . .    20

   LOAD STEP . . . . . . . . . . . . . . . . . . .    27
   TIME SPAN OF LOAD STEP. . . . . . . . . . . . .  678.57    
   TIME AT END OF LOAD STEP. . . . . . . . . . . .  949.83    
   INITIAL TIME STEP SIZE. . . . . . . . . . . . .  3.2313    

 Max. Temperature Change=     21.56
 Property Change        =   0.02866
 Property Change Limit  =   0.05000
 *** LOAD STEP    27   SUBSTEP     1  COMPLETED.    CUM ITER =     53
 *** TIME =   274.494         TIME INC =   3.23127      NEW TRIANG MATRIX

 Max. Temperature Change=     58.05
 Property Change        =   0.07716
 Property Change Limit  =   0.05000
 *** LOAD STEP    27   SUBSTEP     2  COMPLETED.    CUM ITER =     54
 *** TIME =   280.957         TIME INC =   6.46255      NEW TRIANG MATRIX

 Max. Temperature Change=     52.28
 Property Change        =   0.06948
 Property Change Limit  =   0.05000
 *** LOAD STEP    27   SUBSTEP     3  COMPLETED.    CUM ITER =     55
 *** TIME =   290.651         TIME INC =   9.69382      NEW TRIANG MATRIX

 Max. Temperature Change=     65.48
 Property Change        =   0.08702
 Property Change Limit  =   0.05000
 *** LOAD STEP    27   SUBSTEP     4  COMPLETED.    CUM ITER =     56
 *** TIME =   303.576         TIME INC =   12.9251      NEW TRIANG MATRIX

 Max. Temperature Change=     75.84
 Property Change        =   0.10079
 Property Change Limit  =   0.05000
 *** LOAD STEP    27   SUBSTEP     5  COMPLETED.    CUM ITER =     57
 *** TIME =   319.732         TIME INC =   16.1564      NEW TRIANG MATRIX

 Max. Temperature Change=     83.37
 Property Change        =   0.11079
 Property Change Limit  =   0.05000
 *** LOAD STEP    27   SUBSTEP     6  COMPLETED.    CUM ITER =     58
 *** TIME =   339.120         TIME INC =   19.3876      NEW TRIANG MATRIX

 Max. Temperature Change=     88.48
 Property Change        =   0.11760
 Property Change Limit  =   0.05000
 *** LOAD STEP    27   SUBSTEP     7  COMPLETED.    CUM ITER =     59
 *** TIME =   361.739         TIME INC =   22.6189      NEW TRIANG MATRIX

 Max. Temperature Change=     91.62
 Property Change        =   0.12176
 Property Change Limit  =   0.05000
 *** LOAD STEP    27   SUBSTEP     8  COMPLETED.    CUM ITER =     60
 *** TIME =   387.589         TIME INC =   25.8502      NEW TRIANG MATRIX

 Max. Temperature Change=     95.16
 Property Change        =   0.12647
 Property Change Limit  =   0.05000
 *** LOAD STEP    27   SUBSTEP     9  COMPLETED.    CUM ITER =     61
 *** TIME =   416.670         TIME INC =   29.0815      NEW TRIANG MATRIX

 Max. Temperature Change=     95.56
 Property Change        =   0.12700
 Property Change Limit  =   0.05000
 *** LOAD STEP    27   SUBSTEP    10  COMPLETED.    CUM ITER =     62
 *** TIME =   448.983         TIME INC =   32.3127      NEW TRIANG MATRIX

 Max. Temperature Change=     91.72
 Property Change        =   0.12190
 Property Change Limit  =   0.05000
 *** LOAD STEP    27   SUBSTEP    11  COMPLETED.    CUM ITER =     63
 *** TIME =   484.527         TIME INC =   35.5440      NEW TRIANG MATRIX

 Max. Temperature Change=     84.32
 Property Change        =   0.11206
 Property Change Limit  =   0.05000
 *** LOAD STEP    27   SUBSTEP    12  COMPLETED.    CUM ITER =     64
 *** TIME =   523.303         TIME INC =   38.7753      NEW TRIANG MATRIX

 Max. Temperature Change=     74.55
 Property Change        =   0.09908
 Property Change Limit  =   0.05000
 *** LOAD STEP    27   SUBSTEP    13  COMPLETED.    CUM ITER =     65
 *** TIME =   565.309         TIME INC =   42.0066      NEW TRIANG MATRIX

 Max. Temperature Change=     63.21
 Property Change        =   0.08400
 Property Change Limit  =   0.05000
 *** LOAD STEP    27   SUBSTEP    14  COMPLETED.    CUM ITER =     66
 *** TIME =   610.547         TIME INC =   45.2378      NEW TRIANG MATRIX

 Max. Temperature Change=     52.78
 Property Change        =   0.07014
 Property Change Limit  =   0.05000
 *** LOAD STEP    27   SUBSTEP    15  COMPLETED.    CUM ITER =     67
 *** TIME =   659.016         TIME INC =   48.4691      NEW TRIANG MATRIX

 Max. Temperature Change=     42.85
 Property Change        =   0.05695
 Property Change Limit  =   0.05000
 *** LOAD STEP    27   SUBSTEP    16  COMPLETED.    CUM ITER =     68
 *** TIME =   710.716         TIME INC =   51.7004      NEW TRIANG MATRIX

 Max. Temperature Change=     33.72
 Property Change        =   0.04481
 Property Change Limit  =   0.05000
 *** LOAD STEP    27   SUBSTEP    17  COMPLETED.    CUM ITER =     69
 *** TIME =   765.648         TIME INC =   54.9317      NEW TRIANG MATRIX

 Max. Temperature Change=     59.54
 Property Change        =   0.07913
 Property Change Limit  =   0.05000
 *** LOAD STEP    27   SUBSTEP    18  COMPLETED.    CUM ITER =     70
 *** TIME =   823.811         TIME INC =   58.1629      NEW TRIANG MATRIX

 Max. Temperature Change=     19.63
 Property Change        =   0.02609
 Property Change Limit  =   0.05000
 *** LOAD STEP    27   SUBSTEP    19  COMPLETED.    CUM ITER =     71
 *** TIME =   885.205         TIME INC =   61.3942      NEW TRIANG MATRIX

 Max. Temperature Change=     34.07
 Property Change        =   0.04528
 Property Change Limit  =   0.05000
 *** LOAD STEP    27   SUBSTEP    20  COMPLETED.    CUM ITER =     72
 *** TIME =   949.831         TIME INC =   64.6255      NEW TRIANG MATRIX

 ALL CURRENT MAPDL DATA WRITTEN TO FILE NAME= file.rdb
  FOR POSSIBLE RESUME FROM THIS POINT
 ****************************************************
 *************** FINISHED SOLVE FOR LS 2 *************

 *GET  _WALLASOL  FROM  ACTI  ITEM=TIME WALL  VALUE=  11.2697222    

 FINISH SOLUTION PROCESSING


 ***** ROUTINE COMPLETED *****  CP =        25.781



 *** MAPDL - ENGINEERING ANALYSIS SYSTEM  RELEASE 2025 R1          25.1     ***
 Ansys Mechanical Enterprise Academic Research     
 00479296  VERSION=WINDOWS x64   11:16:12  APR 04, 2026 CP=     25.781

 --Transient Thermal                                                           



          ***** MAPDL RESULTS INTERPRETATION (POST1) *****

 *** NOTE ***                            CP =      25.781   TIME= 11:16:12
 Reading results into the database (SET command) will update the current 
 displacement and force boundary conditions in the database with the     
 values from the results file for that load set.  Note that any          
 subsequent solutions will use these values unless action is taken to    
 either SAVE the current values or not overwrite them (/EXIT,NOSAVE).    

 Set Encoding of XML File to:ISO-8859-1

 Set Output of XML File to:
     PARM,     ,     ,     ,     ,     ,     ,     ,     ,     ,     ,     ,
         ,     ,     ,     ,     ,     ,     ,

 DATABASE WRITTEN ON FILE  parm.xml                                                                                                                                                                                                                                                            

 EXIT THE MAPDL POST1 DATABASE PROCESSOR


 ***** ROUTINE COMPLETED *****  CP =        25.797



 PRINTOUT RESUMED BY /GOP

 *GET  _WALLDONE  FROM  ACTI  ITEM=TIME WALL  VALUE=  11.2700000    

 PARAMETER _PREPTIME =     1.000000000    

 PARAMETER _SOLVTIME =     32.00000000    

 PARAMETER _POSTTIME =     1.000000000    

 PARAMETER _TOTALTIM =     34.00000000    

 *GET  _DLBRATIO  FROM  ACTI  ITEM=SOLU DLBR  VALUE=  1.00066800    

 *GET  _COMBTIME  FROM  ACTI  ITEM=SOLU COMB  VALUE= 0.235814100    

 *GET  _SSMODE   FROM  ACTI  ITEM=SOLU SSMM  VALUE=  2.00000000    

 *GET  _NDOFS    FROM  ACTI  ITEM=SOLU NDOF  VALUE=  13186.0000    

 /FCLEAN COMMAND REMOVING ALL LOCAL FILES
 --- Total number of nodes = 13475
 --- Total number of elements = 5988
 --- Element load balance ratio = 1.000668
 --- Time to combine distributed files = 0.2358141
 --- Sparse memory mode = 2
 --- Number of DOF = 13186

 EXIT MAPDL WITHOUT SAVING DATABASE


 NUMBER OF WARNING MESSAGES ENCOUNTERED=          6
 NUMBER OF ERROR   MESSAGES ENCOUNTERED=          0

+--------------------- M A P D L   S T A T I S T I C S ------------------------+

Release: 2025 R1            Build: 25.1       Update: UP20250123   Platform: WINDOWS x64 
Date Run: 04/04/2026   Time: 11:16     Process ID: 19840
Operating System: Windows Server 2022  (Build: 22621)

Processor Model: AMD EPYC 7763 64-Core Processor

Compiler: Intel(R) Fortran Compiler Classic Version 2021.9  (Build: 20230302)
          Intel(R) C/C++ Compiler Classic Version 2021.9  (Build: 20230302)
          AOCL-BLAS 4.2.1 Build 20240528

Number of machines requested            :    1
Total number of cores available         :    8
Number of physical cores available      :    4
Number of processes requested           :    4
Number of threads per process requested :    1
Total number of cores requested         :    4 (Distributed Memory Parallel)               
MPI Type: INTELMPI
MPI Version: Intel(R) MPI Library 2021.13 for Windows* OS


GPU Acceleration: Not Requested

Job Name: file0
Input File: dummy.dat

  Core                Machine Name   Working Directory
 -----------------------------------------------------
     0                COE-V1-RDP-6   C:\Users\018219877\Downloads\LBPF\ANSYS\lpbfsim_Mech_Files\TransientThermal_2
     1                COE-V1-RDP-6   C:\Users\018219877\Downloads\LBPF\ANSYS\lpbfsim_Mech_Files\TransientThermal_2
     2                COE-V1-RDP-6   C:\Users\018219877\Downloads\LBPF\ANSYS\lpbfsim_Mech_Files\TransientThermal_2
     3                COE-V1-RDP-6   C:\Users\018219877\Downloads\LBPF\ANSYS\lpbfsim_Mech_Files\TransientThermal_2
 
Latency time from master to core     1 =    8.431 microseconds
Latency time from master to core     2 =    8.303 microseconds
Latency time from master to core     3 =    9.834 microseconds
 
Communication speed from master to core     1 =  8694.14 MB/sec
Communication speed from master to core     2 = 11185.21 MB/sec
Communication speed from master to core     3 = 10576.27 MB/sec

Total CPU time for main thread                    :       23.0 seconds
Total CPU time summed for all threads             :       26.3 seconds

Elapsed time spent obtaining a license            :        0.6 seconds
Elapsed time spent pre-processing model (/PREP7)  :        0.1 seconds
Elapsed time spent solution - preprocessing       :        0.4 seconds
Elapsed time spent computing solution             :       30.7 seconds
Elapsed time spent solution - postprocessing      :        0.2 seconds
Elapsed time spent post-processing model (/POST1) :        0.0 seconds
 
Equation solver used                              :            Sparse (symmetric)
Equation solver computational rate                :       12.8 Gflops

Sum of disk space used on all processes           :       25.6 MB

Sum of memory used on all processes               :      259.0 MB
Sum of memory allocated on all processes          :     2880.0 MB
Physical memory available                         :         64 GB
Total amount of I/O written to disk               :        0.1 GB
Total amount of I/O read from disk                :        0.0 GB

+------------------ E N D   M A P D L   S T A T I S T I C S -------------------+


 *-----------------------------------------------------------------------------*
 |                                                                             |
 |                               RUN COMPLETED                                 |
 |                                                                             |
 |-----------------------------------------------------------------------------|
 |                                                                             |
 |  Ansys MAPDL 2025 R1         Build 25.1         UP20250123    WINDOWS x64   |
 |                                                                             |
 |-----------------------------------------------------------------------------|
 |                                                                             |
 |  Database Requested(-db)     1024 MB     Scratch Memory Requested   1024 MB |
 |  Max Database Used(Master)      9 MB     Max Scratch Used(Master)     60 MB |
 |  Max Database Used(Workers)     1 MB     Max Scratch Used(Workers)    78 MB |
 |  Sum Database Used(All)        12 MB     Sum Scratch Used(All)       247 MB |
 |                                                                             |
 |-----------------------------------------------------------------------------|
 |                                                                             |
 |        CP Time      (sec) =         26.266       Time  =  11:16:13          |
 |        Elapsed Time (sec) =         36.000       Date  =  04/04/2026        |
 |                                                                             |
 *-----------------------------------------------------------------------------*
