
 Ansys Mechanical Enterprise Academic Research     


 *------------------------------------------------------------------*
 |                                                                  |
 |   W E L C O M E   T O   T H E   A N S Y S (R)  P R O G R A M     |
 |                                                                  |
 *------------------------------------------------------------------*




 ***************************************************************
 *         ANSYS MAPDL 2025 R1          LEGAL NOTICES          *
 ***************************************************************
 *                                                             *
 * Copyright 1971-2025 Ansys, Inc.  All rights reserved.       *
 * Unauthorized use, distribution or duplication is            *
 * prohibited.                                                 *
 *                                                             *
 * Ansys is a registered trademark of Ansys, Inc. or its       *
 * subsidiaries in the United States or other countries.       *
 * See the Ansys, Inc. online documentation or the Ansys, Inc. *
 * documentation CD or online help for the complete Legal      *
 * Notice.                                                     *
 *                                                             *
 ***************************************************************
 *                                                             *
 * THIS ANSYS SOFTWARE PRODUCT AND PROGRAM DOCUMENTATION       *
 * INCLUDE TRADE SECRETS AND CONFIDENTIAL AND PROPRIETARY      *
 * PRODUCTS OF ANSYS, INC., ITS SUBSIDIARIES, OR LICENSORS.    *
 * The software products and documentation are furnished by    *
 * Ansys, Inc. or its subsidiaries under a software license    *
 * agreement that contains provisions concerning               *
 * non-disclosure, copying, length and nature of use,          *
 * compliance with exporting laws, warranties, disclaimers,    *
 * limitations of liability, and remedies, and other           *
 * provisions.  The software products and documentation may be *
 * used, disclosed, transferred, or copied only in accordance  *
 * with the terms and conditions of that software license      *
 * agreement.                                                  *
 *                                                             *
 * Ansys, Inc. is a UL registered                              *
 * ISO 9001:2015 company.                                      *
 *                                                             *
 ***************************************************************
 *                                                             *
 * This product is subject to U.S. laws governing export and   *
 * re-export.                                                  *
 *                                                             *
 * For U.S. Government users, except as specifically granted   *
 * by the Ansys, Inc. software license agreement, the use,     *
 * duplication, or disclosure by the United States Government  *
 * is subject to restrictions stated in the Ansys, Inc.        *
 * software license agreement and FAR 12.212 (for non-DOD      *
 * licenses).                                                  *
 *                                                             *
 ***************************************************************

 2025 R1 
     
 Point Releases and Patches installed:   
     
 Ansys Service Pack 2025 R1.01   
 Ansys, Inc. License Manager 2025 R1 
 Ansys, Inc. License Manager 2025 R1.01  
 CFD-Post only 2025 R1   
 CFD-Post only 2025 R1.01
 Core WB Files 2025 R1   
 Core WB Files 2025 R1.01
 CFX (includes CFD-Post) 2025 R1 
 CFX (includes CFD-Post) 2025 R1.01  
 Chemkin 2025 R1 
 Chemkin 2025 R1.01  
 EnSight 2025 R1 
 EnSight 2025 R1.01  
 FENSAP-ICE 2025 R1  
 FENSAP-ICE 2025 R1.01   
 Fluent (includes CFD-Post) 2025 R1  
 Fluent (includes CFD-Post) 2025 R1.01   
 Polyflow (includes CFD-Post) 2025 R1
 Polyflow (includes CFD-Post) 2025 R1.01 
 Forte (includes EnSight) 2025 R1
 Forte (includes EnSight) 2025 R1.01 
 ICEM CFD 2025 R1
 ICEM CFD 2025 R1.01 
 TurboGrid 2025 R1   
 TurboGrid 2025 R1.01
 Speos 2025 R1   
 Speos 2025 R1.01
 SpaceClaim 2025 R1  
 SpaceClaim 2025 R1.01   
 Catia, Version 5 Geometry Interface 2025 R1 
 Catia, Version 5 Geometry Interface 2025 R1.01  
 Speos HPC 2025 R1   
 Speos HPC 2025 R1.01
 optiSLang 2025 R1   
 optiSLang 2025 R1.01
 Additive 2025 R1
 Additive 2025 R1.01 
 Aqwa 2025 R1
 Aqwa 2025 R1.01 
 Autodyn 2025 R1 
 Autodyn 2025 R1.01  
 Customization Files for User Programmable Features 2025 R1  
 Customization Files for User Programmable Features 2025 R1.01   
 LS-DYNA 2025 R1 
 LS-DYNA 2025 R1.01  
 Mechanical Products 2025 R1 
 Mechanical Products 2025 R1.01  
 Motion 2025 R1  
 Motion 2025 R1.01   
 Sherlock 2025 R1
 Sherlock 2025 R1.01 
 Sound - SAS 2025 R1 
 Sound - SAS 2025 R1.01  


          *****  MAPDL COMMAND LINE ARGUMENTS  *****
  BATCH MODE REQUESTED (-b)    = NOLIST
  INPUT FILE COPY MODE (-c)    = COPY
  DISTRIBUTED MEMORY PARALLEL REQUESTED
       4 PARALLEL PROCESSES REQUESTED WITH SINGLE THREAD PER PROCESS
    TOTAL OF     4 CORES REQUESTED
  INPUT FILE NAME              = C:\Users\018219877\Downloads\LBPF\ANSYS\lpbfsim_Mech_Files\StaticStructural_2\dummy.dat
  OUTPUT FILE NAME             = C:\Users\018219877\Downloads\LBPF\ANSYS\lpbfsim_Mech_Files\StaticStructural_2\solve.out
  START-UP FILE MODE           = NOREAD
  STOP FILE MODE               = NOREAD
  ADDITIVE MANUFACTURING MODULE REQUESTED

 RELEASE= 2025 R1              BUILD= 25.1      UP20250123   VERSION=WINDOWS x64 
 CURRENT JOBNAME=file0  11:16:18  APR 04, 2026 CP=      0.172


 PARAMETER _DS_PROGRESS =     999.0000000    

 /INPUT FILE= ds.dat  LINE=       0



 *** NOTE ***                            CP =       0.406   TIME= 11:16:19
 The /CONFIG,NOELDB command is not valid in a distributed memory         
 parallel solution.  Command is ignored.                                 

 *GET  _WALLSTRT  FROM  ACTI  ITEM=TIME WALL  VALUE=  11.2719444    

 TITLE= 
 --Static Structural                                                           

  ACT Extensions:
      LSDYNA, 2025.1
      5f463412-bd3e-484b-87e7-cbc0a665e474, wbex
 /COM,     ANSYSMotion, 2025.1
      20180725-3f81-49eb-9f31-41364844c769, wbex
  

 SET PARAMETER DIMENSIONS ON  _WB_PROJECTSCRATCH_DIR
  TYPE=STRI  DIMENSIONS=      248        1        1

 PARAMETER _WB_PROJECTSCRATCH_DIR(1) = C:\Users\018219877\Downloads\LBPF\ANSYS\lpbfsim_Mech_Files\StaticStructural_2\

 SET PARAMETER DIMENSIONS ON  _WB_SOLVERFILES_DIR
  TYPE=STRI  DIMENSIONS=      248        1        1

 PARAMETER _WB_SOLVERFILES_DIR(1) = C:\Users\018219877\Downloads\LBPF\ANSYS\lpbfsim_Mech_Files\StaticStructural_2\

 SET PARAMETER DIMENSIONS ON  _WB_USERFILES_DIR
  TYPE=STRI  DIMENSIONS=      248        1        1

 PARAMETER _WB_USERFILES_DIR(1) = C:\Users\018219877\Downloads\LBPF\ANSYS\lpbfsim_Mech_Files\UserFiles\
 --- Data in consistent MKS units. See Solving Units in the help system for more

 MKS UNITS SPECIFIED FOR INTERNAL    
  LENGTH        (l)  = METER (M)
  MASS          (M)  = KILOGRAM (KG)
  TIME          (t)  = SECOND (SEC)
  TEMPERATURE   (T)  = CELSIUS (C)
  TOFFSET            = 273.0
  CHARGE        (Q)  = COULOMB
  FORCE         (f)  = NEWTON (N) (KG-M/SEC2)
  HEAT               = JOULE (N-M)

  PRESSURE           = PASCAL (NEWTON/M**2)
  ENERGY        (W)  = JOULE (N-M)
  POWER         (P)  = WATT (N-M/SEC)
  CURRENT       (i)  = AMPERE (COULOMBS/SEC)
  CAPACITANCE   (C)  = FARAD
  INDUCTANCE    (L)  = HENRY
  MAGNETIC FLUX      = WEBER
  RESISTANCE    (R)  = OHM
  ELECTRIC POTENTIAL = VOLT

 INPUT  UNITS ARE ALSO SET TO MKS 

 *** MAPDL - ENGINEERING ANALYSIS SYSTEM  RELEASE 2025 R1          25.1     ***
 Ansys Mechanical Enterprise Academic Research     
 00479296  VERSION=WINDOWS x64   11:16:19  APR 04, 2026 CP=      0.594

 --Static Structural                                                           



          ***** MAPDL ANALYSIS DEFINITION (PREP7) *****
 *********** Nodes for the whole assembly ***********
 *********** Elements for Body 1 'Part1|part' ***********
 *********** Elements for Body 2 'Support' ***********
 *********** Elements for Body 3 'Part1|base' ***********
 *********** Send User Defined Coordinate System(s) ***********
 *********** Set Reference Temperature ***********
 *********** Send Materials ***********
  **** Start sending components for AM Supports ****
  **** Done sending components for AM Supports ****

 LIST DATA TABLE  BISO  FOR MATERIAL      2

 *** MAPDL - ENGINEERING ANALYSIS SYSTEM  RELEASE 2025 R1          25.1     ***
 Ansys Mechanical Enterprise Academic Research     
 00479296  VERSION=WINDOWS x64   11:16:20  APR 04, 2026 CP=      1.734

 --Static Structural                                                           



               BiIso Pl (BISO) Table For Material     2

               1           2           3           4           5   
   Temps   21.000      538.00      816.00      982.00      1093.0    
 Yld Strs 0.64800E+09 0.55800E+09 0.33800E+09 0.90000E+08 0.34000E+08
 Tang Mod 0.30000E+10 0.27600E+10 0.10000E+08 0.10000E+08 0.10000E+08


 ***** ROUTINE COMPLETED *****  CP =         1.750


 --- Number of total nodes = 13475
 --- Number of contact elements = 0
 --- Number of spring elements = 0
 --- Number of bearing elements = 0
 --- Number of solid elements = 5988
 --- Number of condensed parts = 0
 --- Number of total elements = 5988

 *GET  _WALLBSOL  FROM  ACTI  ITEM=TIME WALL  VALUE=  11.2722222    
 ****************************************************************************
 *************************    SOLUTION       ********************************
 ****************************************************************************

 *****  MAPDL SOLUTION ROUTINE  *****


 PERFORM A STATIC ANALYSIS
  THIS WILL BE A NEW ANALYSIS

 PARAMETER _THICKRATIO =     1.000000000    

 USE PRECONDITIONED CONJUGATE GRADIENT SOLVER
  CONVERGENCE TOLERANCE = 1.00000E-08
  MAXIMUM ITERATION     = NumNode*DofPerNode*  1.0000    

 CONTACT INFORMATION PRINTOUT LEVEL       1

 CHECK INITIAL OPEN/CLOSED STATUS OF SELECTED CONTACT ELEMENTS
      AND LIST DETAILED CONTACT PAIR INFORMATION

 SPLIT CONTACT SURFACES AT SOLVE PHASE

    NUMBER OF SPLITTING TBD BY PROGRAM

 DO NOT COMBINE ELEMENT MATRIX FILES (.emat) AFTER DISTRIBUTED PARALLEL SOLUTION

 DO NOT COMBINE ELEMENT SAVE DATA FILES (.esav) AFTER DISTRIBUTED PARALLEL SOLUTION
 *********** Send AM Knockdown Factors ***********

 START CREATE BY COPY FROM INPUT TO  knockdown.ist

 END FILE CREATE
 SUCCESSFULLY READ THE INITIAL STRESS FILE 

 DELETE FILE NAME=knockdown.ist
 *********** Send AM Build Options ***********

 ADDITIVE PROCESS TYPE SET TO PB 
  USING A LAYER -BASED APPROACH

 USE THE FULL NEWTON-RAPHSON OPTION FOR  ALL DEGREES OF FREEDOM
   AND USE THE DEFAULT ADAPTIVE DESCENT OPTION

 THE TOP OF THE BASE PLATE IS AT Z=   0.0000    

 THE MATERIAL ID OF THE PART TO BE BUILT IS     1
   THE MELT TEMPERATURE IS SET TO    1260.0    

 THE MATERIAL ID OF THE PART TO BE BUILT IS     2
   THE MELT TEMPERATURE IS SET TO    1260.0    

 THE DEPOSITION LAYER HEIGHT IS SET TO   0.10000E-03
   THE MESH HEIGHT IS DEFINED TO BE   0.30000E-03

 THE STRAIN SCALING FACTOR IS SET TO    1.0000    

 THE DEPOSITION SCAN SPACING IS SET TO   0.10000E-03
 THE DEPOSITION SCAN SPEED IS SET TO    1000.0    

 THE NUMBER OF SIMULTANEOUS HEATING BEAMS IS     1

 THE RECOATER REPOSITIONING TIME IS SET TO    10.000    

 SET PARAMETER DIMENSIONS ON  SUPPSECT TYPE=ARRA  DIMENSIONS=     1     1     1

 PARAMETER SUPPSECT(1) =     4.000000000    
                                   
   INPUT SECTION ID NUMBER               4
   INPUT SECTION TYPE                 SUPP
   INPUT SECTION SUBTYPE              ASEC
   INPUT SUPP SECTION NAME                    

  SUPP SECTION DATA:
  Supp Section ID                             =       4
 Multiplicative reduction factor for field   2 is                 =  0.50000    
 Multiplicative reduction factor for field   3 is                 =  0.50000    
 Multiplicative reduction factor for field   4 is                 =  0.50000    
 Multiplicative reduction factor for field   5 is                 =  0.50000    
 Multiplicative reduction factor for field   6 is                 =  0.50000    
 Multiplicative reduction factor for field   7 is                 =  0.50000    
 Multiplicative reduction factor for field   8 is                 =  0.50000    
 Multiplicative reduction factor for field   9 is                 =  0.50000    

 THE NUMBER OF SUPPORTS IS SET TO     1
  THE ROOT NAME FOR THE SUPPORT COMPONENTS IS _CMAMSupport
  THE ARRAY NAME CONTAINING THE SUPPORT SECTION ID INFORMATION IS SUPPSECT

 DO NOT USE PREDICTOR METHOD FOR  ALL DEGREES OF FREEDOM

 THERMAL RESULTS FILE=C:\Users\018219877\Downloads\LBPF\ANSYS\lpbfsim_Mech_Files\TransientThermal_2\file

 *** NOTE ***                            CP =       2.766   TIME= 11:16:20
 The automatic domain decomposition logic has selected the MESH domain   
 decomposition method with 4 processes per solution.                     

 THE PREHEAT TEMPERATURE IS SET TO    120.00    

 NLDIAG: Nonlinear diagnostics CONT option is set to ON. 
         Writing frequency : each ITERATION.

 DEFINE RESTART CONTROL FOR LOADSTEP LAST
 AT FREQUENCY OF LAST AND NUMBER FOR OVERWRITE IS   -1

 DELETE RESTART FILES OF ENDSTEP
 ****************************************************
 ******************* SOLVE FOR LS 1 OF 2 ****************

 PRINTOUT RESUMED BY /GOP

 ERASE THE CURRENT DATABASE OUTPUT CONTROL TABLE.


 WRITE ALL  ITEMS TO THE DATABASE WITH A FREQUENCY OF NONE
   FOR ALL APPLICABLE ENTITIES

 WRITE NSOL ITEMS TO THE DATABASE WITH A FREQUENCY OF ALL 
   FOR ALL APPLICABLE ENTITIES

 WRITE RSOL ITEMS TO THE DATABASE WITH A FREQUENCY OF ALL 
   FOR ALL APPLICABLE ENTITIES

 WRITE ETMP ITEMS TO THE DATABASE WITH A FREQUENCY OF ALL 
   FOR ALL APPLICABLE ENTITIES

 WRITE STRS ITEMS TO THE DATABASE WITH A FREQUENCY OF ALL 
   FOR ALL APPLICABLE ENTITIES

 WRITE EPEL ITEMS TO THE DATABASE WITH A FREQUENCY OF ALL 
   FOR ALL APPLICABLE ENTITIES

 WRITE EPPL ITEMS TO THE DATABASE WITH A FREQUENCY OF ALL 
   FOR ALL APPLICABLE ENTITIES

 WRITE EPTH ITEMS TO THE DATABASE WITH A FREQUENCY OF ALL 
   FOR ALL APPLICABLE ENTITIES

 USE A LINE SEARCH FOR  ALL DEGREES OF FREEDOM
 *********** Send AM Build Conditions Options ***********

 THE GAS TEMPERATURE IS SET TO    120.00    
 THE GAS CONVECTION COEFFICIENT IS SET TO    0.0000    
  CONVECTION FROM THE PART TO THE BUILD VOLUME GAS IS NOT INCLUDED AND 
  RADIATION IS ALSO IGNORED DURING THE BUILD

 CONVECTION FROM THE PART TO THE BUILD VOLUME POWDER IS NOT INCLUDED
   THE POWDER TEMPERATURE IS SET TO    120.00    
   THE POWDER CONVECTION COEFFICIENT IS SET TO    0.0000    
   THE POWDER KNOCKDOWN FACTOR FOR CONDUCTION IS SET TO   0.10000E-01

 *GET  ANSINTER_  FROM  ACTI  ITEM=INT        VALUE=  0.00000000    

 *IF  ANSINTER_  ( =   0.00000     )  NE  
      0  ( =   0.00000     )  THEN    

 *ENDIF

 *****  MAPDL AMSTEP   COMMAND  *****

 *** WARNING ***                         CP =       2.797   TIME= 11:16:21
 Element shape checking is currently inactive.  Issue SHPP,ON or         
 SHPP,WARN to reactivate, if desired.                                    

 *** WARNING ***                         CP =       2.797   TIME= 11:16:21
 The preconditioned conjugate gradient solver used by (EQSLV,PCG         
 command) only works for fully constrained models.  There are less than  
 3 constraints in the current model.  The solver has been reset to       
 sparse (EQSLV,SPARSE).                                                  

 *** NOTE ***                            CP =       2.828   TIME= 11:16:21
 The model data was checked and warning messages were found.             
  Please review output or errors file (                                  
 C:\Users\018219877\Downloads\LBPF\ANSYS\lpbfsim_Mech_Files\StaticStruct 
 tural_2\file0.err ) for these warning messages.                         

 *** SELECTION OF ELEMENT TECHNOLOGIES FOR APPLICABLE ELEMENTS ***
                ---GIVE SUGGESTIONS ONLY---

 ELEMENT TYPE         1 IS SOLID185. IT IS ASSOCIATED WITH ELASTOPLASTIC MATERIALS
 ONLY. KEYOPT(2)=2 IS SUGGESTED.

 ELEMENT TYPE         2 IS SOLID185. IT IS ASSOCIATED WITH ELASTOPLASTIC MATERIALS
 ONLY. KEYOPT(2)=2 IS SUGGESTED.

 ELEMENT TYPE         3 IS SOLID186. KEYOPT(2)=0 IS SUGGESTED.



 *** MAPDL - ENGINEERING ANALYSIS SYSTEM  RELEASE 2025 R1          25.1     ***
 Ansys Mechanical Enterprise Academic Research     
 00479296  VERSION=WINDOWS x64   11:16:21  APR 04, 2026 CP=      2.828

 --Static Structural                                                           



                       S O L U T I O N   O P T I O N S

   PROBLEM DIMENSIONALITY. . . . . . . . . . . . .3-D                  
   DEGREES OF FREEDOM. . . . . . UX   UY   UZ  
   ANALYSIS TYPE . . . . . . . . . . . . . . . . .STATIC (STEADY-STATE)
   OFFSET TEMPERATURE FROM ABSOLUTE ZERO . . . . .  273.15    
   EQUATION SOLVER OPTION. . . . . . . . . . . . .SPARSE             
   PLASTIC MATERIAL PROPERTIES INCLUDED. . . . . .YES
   NEWTON-RAPHSON OPTION . . . . . . . . . . . . .FULL             
   GLOBALLY ASSEMBLED MATRIX . . . . . . . . . . .SYMMETRIC  

 *** NOTE ***                            CP =       2.828   TIME= 11:16:21
 Property ALPX of material 1 is defined over a temperature range from    
 427 to 1827 which does not include the uniform temperature (22).        
 Change either temperature range or the uniform temperature.  Checking   
 for this condition discontinues.                                        

 *** WARNING ***                         CP =       2.859   TIME= 11:16:21
 No constraints have been defined using the D command.                   

 *** NOTE ***                            CP =       2.906   TIME= 11:16:21
 The step data was checked and warning messages were found.              
  Please review output or errors file (                                  
 C:\Users\018219877\Downloads\LBPF\ANSYS\lpbfsim_Mech_Files\StaticStruct 
 tural_2\file0.err ) for these warning messages.                         

 *** WARNING ***                         CP =       2.906   TIME= 11:16:21
 The program chosen initial timestep/load-factor is arbitrary.  It is    
 necessary for the user to supply a suitable initial                     
 timestep/load-factor through the NSUB or DELTIM command for             
 convergence and overall efficiency.                                     

  
  
     D I S T R I B U T E D   D O M A I N   D E C O M P O S E R
  
  ...Number of elements: 5988
  ...Number of nodes:    13475
  ...Decompose to 4 CPU domains
  ...Element load balance ratio =     1.001


 *** WARNING ***                         CP =       4.500   TIME= 11:16:21
 The input for the Z-coordinate of the top of the build plate 0 does not 
 match the minimum Z-coordinate of 9.999992251E-05 found in build        
 elements.  The base Z-coordinate has been changed to 9.999992251E-05.   

                      L O A D   S T E P   O P T I O N S

   MAXIMUM NUMBER OF EQUILIBRIUM ITERATIONS. . . .    15
   STEP CHANGE BOUNDARY CONDITIONS . . . . . . . .    NO
   LINE SEARCH . . . . . . . . . . . . . . . . . .    ON
   TERMINATE ANALYSIS IF NOT CONVERGED . . . . . .YES (EXIT)  
   CONVERGENCE CONTROLS. . . . . . . . . . . . . .USE DEFAULTS
   COPY INTEGRATION POINT VALUES TO NODE . . . . .YES, FOR ELEMENTS WITH
                                                  ACTIVE MAT. NONLINEARITIES
   PRINT OUTPUT CONTROLS . . . . . . . . . . . . .NO PRINTOUT
   DATABASE OUTPUT CONTROLS
      ITEM     FREQUENCY   COMPONENT
       ALL       NONE               
      NSOL        ALL               
      RSOL        ALL               
      ETMP        ALL               
      STRS        ALL               
      EPEL        ALL               
      EPPL        ALL               
      EPTH        ALL               


 SOLUTION MONITORING INFO IS WRITTEN TO FILE= file.mntr                                                                                                                                                                                                                                                           
 MAXIMUM NUMBER OF EQUILIBRIUM ITERATIONS HAS BEEN MODIFIED              
  TO BE, NEQIT = 25, BY SOLUTION CONTROL LOGIC.                          

                        A D D I T I V E   S T E P

   STEP TYPE . . . . . . . . . . . . . . . . . . .BUILD
   MESH LAYER HEIGHT . . . . . . . . . . . . . . . 0.30000E-03
   END LAYER NUMBER. . . . . . . . . . . . . . . .    13
   NUMBER OF STEPS TO APPLY HEATING. . . . . . . .AS SPECIFIED IN THE THERMAL ANALYSIS
   NUMBER OF STEPS BETWEEN LAYERS. . . . . . . . .AS SPECIFIED IN THE THERMAL ANALYSIS

   LAYER . . . . . . . . . . . . . . . . . . . . .     1

   LOAD STEP . . . . . . . . . . . . . . . . . . .     1
   ACTION. . . . . . . . . . . . . . . . . . . . .APPLY HEAT
   TIME SPAN OF LOAD STEP. . . . . . . . . . . . . 0.10412E-01
   TIME AT END OF LOAD STEP. . . . . . . . . . . . 0.10412E-01
   TIME STEP SIZE. . . . . . . . . . . . . . . . . 0.52059E-02


 *** WARNING ***                         CP =       4.875   TIME= 11:16:22
 Material property ALPX of material 1 of element 3340 is evaluated at a  
 temperature of 120, which is below the supplied temperature range.      
 Temperature range checking terminates.                                  

 *** WARNING ***                         CP =       4.922   TIME= 11:16:22
 Material property ALPX of material 2 of element 8191 is evaluated at a  
 temperature of 368.150126, which is below the supplied temperature      
 range.  Temperature range checking terminates.                          

 *** WARNING ***                         CP =       4.938   TIME= 11:16:22
 Material property ALPX of material 2 of element 8578 is evaluated at a  
 temperature of 368.150126, which is below the supplied temperature      
 range.  Temperature range checking terminates.                          

 *** NOTE ***                            CP =       5.516   TIME= 11:16:23
 The below mass summary includes the mass of dead/alive elements.        
 However, their status is that of the first load step.                   


                         ***********  PRECISE MASS SUMMARY  ***********

   TOTAL RIGID BODY MASS MATRIX ABOUT ORIGIN
               Translational mass               |   Coupled translational/rotational mass
        0.16039E-02    0.0000        0.0000     |     0.0000      -0.15616E-05   0.80901E-14
         0.0000       0.16039E-02    0.0000     |    0.15616E-05    0.0000      -0.80901E-14
         0.0000        0.0000       0.16039E-02 |   -0.80901E-14   0.80901E-14    0.0000    
     ------------------------------------------ | ------------------------------------------
                                                |         Rotational mass (inertia)
                                                |    0.15256E-07  -0.11487E-23   0.20121E-17
                                                |   -0.13571E-23   0.15256E-07   0.20121E-17
                                                |    0.20121E-17   0.20121E-17   0.26321E-07

   TOTAL MASS = 0.16039E-02
     The mass principal axes coincide with the global Cartesian axes

   CENTER OF MASS (X,Y,Z)=  -0.50440E-11  -0.50440E-11  -0.97359E-03

   TOTAL INERTIA ABOUT CENTER OF MASS
        0.13736E-07  -0.11079E-23   0.98886E-17
       -0.11079E-23   0.13736E-07   0.98886E-17
        0.98886E-17   0.98886E-17   0.26321E-07
     The inertia principal axes coincide with the global Cartesian axes


  *** MASS SUMMARY BY ELEMENT TYPE ***

  TYPE      MASS
     2  0.339213E-04
     3  0.157000E-02

 Range of element maximum matrix coefficients in global coordinates
 Maximum = 97021497 at element 5039.                                     
 Minimum = 75564.3235 at element 8452.                                   

   *** ELEMENT MATRIX FORMULATION TIMES
     TYPE    NUMBER   ENAME      TOTAL CP  AVE CP

        1      3440  SOLID185      0.594   0.000173
        2       948  SOLID185      0.203   0.000214
        3      1600  SOLID186      0.781   0.000488
 Time at end of element matrix formulation CP = 5.515625.                
     FORCE CONVERGENCE VALUE  =   4738.      CRITERION=   23.69    

 DISTRIBUTED SPARSE MATRIX DIRECT SOLVER.
  Number of equations =       26649,    Maximum wavefront =    243


  Memory allocated on only this MPI rank (rank     0)
  -------------------------------------------------------------------
  Equation solver memory allocated                     =    48.233 MB
  Equation solver memory required for in-core mode     =    46.084 MB
  Equation solver memory required for out-of-core mode =    15.192 MB
  Total (solver and non-solver) memory allocated       =   513.729 MB


  Total memory summed across all MPI ranks on this machines
  -------------------------------------------------------------------
  Equation solver memory allocated                     =   210.754 MB
  Equation solver memory required for in-core mode     =   202.205 MB
  Equation solver memory required for out-of-core mode =    89.728 MB
  Total (solver and non-solver) memory allocated       =  1333.989 MB

 *** NOTE ***                            CP =       6.047   TIME= 11:16:23
 The Distributed Sparse Matrix Solver is currently running in the        
 in-core memory mode.  This memory mode uses the most amount of memory   
 in order to avoid using the hard drive as much as possible, which most  
 often results in the fastest solution time.  This mode is recommended   
 if enough physical memory is present to accommodate all of the solver   
 data.                                                                   
 Distributed sparse solver maximum pivot= 388085988 at node 6729 UX.     
 Distributed sparse solver minimum pivot= -6.63423721 at node 10074 UX.  
 Distributed sparse solver minimum pivot in absolute value=              
 8.558715258E-05 at node 5291 UX.                                        
     DISP CONVERGENCE VALUE   =  0.1115E-04  CRITERION=  0.5576E-06
    EQUIL ITER   1 COMPLETED.  NEW TRIANG MATRIX.  MAX DOF INC=  0.1115E-04
     DISP CONVERGENCE VALUE   =  0.1115E-04  CRITERION=  0.5576E-06
     LINE SEARCH PARAMETER =   1.000     SCALED MAX DOF INC =  0.1115E-04
     FORCE CONVERGENCE VALUE  =  0.1156E-08  CRITERION=  0.5000E-04 <<< CONVERGED

 *** WARNING ***                         CP =       7.125   TIME= 11:16:25
 A reference force value times the tolerance is used by the              
 Newton-Raphson method for checking convergence.  The calculated         
 reference FORCE CONVERGENCE VALUE = 0 is less than a threshold.  This   
 threshold is internally calculated.  You can overwrite it by            
 specifying MINREF on the CNVTOL command.  Check results carefully.      
    EQUIL ITER   2 COMPLETED.  NEW TRIANG MATRIX.  MAX DOF INC= -0.1119E-09
     DISP CONVERGENCE VALUE   =  0.1119E-09  CRITERION=  0.5576E-06 <<< CONVERGED
     LINE SEARCH PARAMETER =   1.000     SCALED MAX DOF INC = -0.1119E-09
     FORCE CONVERGENCE VALUE  =  0.2090E-10  CRITERION=  0.5000E-04 <<< CONVERGED
    >>> SOLUTION CONVERGED AFTER EQUILIBRIUM ITERATION   2

   *** ELEMENT RESULT CALCULATION TIMES
     TYPE    NUMBER   ENAME      TOTAL CP  AVE CP

        1      3440  SOLID185      0.344   0.000100
        2       948  SOLID185      0.047   0.000049
        3      1600  SOLID186      0.312   0.000195

   *** NODAL LOAD CALCULATION TIMES
     TYPE    NUMBER   ENAME      TOTAL CP  AVE CP

        1      3440  SOLID185      0.000   0.000000
        2       948  SOLID185      0.016   0.000016
        3      1600  SOLID186      0.016   0.000010
 *** LOAD STEP     1   SUBSTEP     1  COMPLETED.    CUM ITER =      2
 *** TIME =  0.520593E-02     TIME INC =  0.520593E-02

     FORCE CONVERGENCE VALUE  =   142.5      CRITERION=  0.7123    
     DISP CONVERGENCE VALUE   =  0.3419E-06  CRITERION=  0.5576E-06 <<< CONVERGED
    EQUIL ITER   1 COMPLETED.  NEW TRIANG MATRIX.  MAX DOF INC= -0.3419E-06
     DISP CONVERGENCE VALUE   =  0.3419E-06  CRITERION=  0.5576E-06 <<< CONVERGED
     LINE SEARCH PARAMETER =   1.000     SCALED MAX DOF INC = -0.3419E-06
     FORCE CONVERGENCE VALUE  =  0.2556E-10  CRITERION=  0.5000E-04 <<< CONVERGED
    >>> SOLUTION CONVERGED AFTER EQUILIBRIUM ITERATION   1
 *** LOAD STEP     1   SUBSTEP     2  COMPLETED.    CUM ITER =      3
 *** TIME =  0.104119E-01     TIME INC =  0.520593E-02

   LOAD STEP . . . . . . . . . . . . . . . . . . .     2
   ACTION. . . . . . . . . . . . . . . . . . . . .COOL BETWEEN LAYERS
   TIME SPAN OF LOAD STEP. . . . . . . . . . . . .  20.856    
   TIME AT END OF LOAD STEP. . . . . . . . . . . .  20.866    
   TIME STEP SIZE. . . . . . . . . . . . . . . . .  10.428    

     FORCE CONVERGENCE VALUE  =   2701.      CRITERION=   13.50    

 *** WARNING ***                         CP =      11.953   TIME= 11:16:31
 There is at least 1 small equation solver pivot term (e.g., at the UX   
 degree of freedom of node 5291) which may indicate a numerically        
 unstable model.  Please check your results carefully.                   
     DISP CONVERGENCE VALUE   =  0.1768E-04  CRITERION=  0.8841E-06
    EQUIL ITER   1 COMPLETED.  NEW TRIANG MATRIX.  MAX DOF INC=  0.1768E-04
     DISP CONVERGENCE VALUE   =  0.1768E-04  CRITERION=  0.8841E-06
     LINE SEARCH PARAMETER =   1.000     SCALED MAX DOF INC =  0.1768E-04
     FORCE CONVERGENCE VALUE  =  0.3954E-04  CRITERION=  0.5000E-04 <<< CONVERGED

 *** WARNING ***                         CP =      13.172   TIME= 11:16:33
 There is at least 1 small equation solver pivot term (e.g., at the UX   
 degree of freedom of node 5291) which may indicate a numerically        
 unstable model.  Please check your results carefully.                   
    EQUIL ITER   2 COMPLETED.  NEW TRIANG MATRIX.  MAX DOF INC=  0.2635E-09
     DISP CONVERGENCE VALUE   =  0.2635E-09  CRITERION=  0.8841E-06 <<< CONVERGED
     LINE SEARCH PARAMETER =   1.000     SCALED MAX DOF INC =  0.2635E-09
     FORCE CONVERGENCE VALUE  =  0.1388E-08  CRITERION=  0.5000E-04 <<< CONVERGED
    >>> SOLUTION CONVERGED AFTER EQUILIBRIUM ITERATION   2
 *** LOAD STEP     2   SUBSTEP     1  COMPLETED.    CUM ITER =      5
 *** TIME =   10.4383         TIME INC =   10.4279    

     FORCE CONVERGENCE VALUE  =   260.5      CRITERION=   1.303    

 *** WARNING ***                         CP =      15.203   TIME= 11:16:35
 There is at least 1 small equation solver pivot term (e.g., at the UX   
 degree of freedom of node 5291) which may indicate a numerically        
 unstable model.  Please check your results carefully.                   
     DISP CONVERGENCE VALUE   =  0.7438E-06  CRITERION=  0.8841E-06 <<< CONVERGED
    EQUIL ITER   1 COMPLETED.  NEW TRIANG MATRIX.  MAX DOF INC= -0.7438E-06
     DISP CONVERGENCE VALUE   =  0.7438E-06  CRITERION=  0.8841E-06 <<< CONVERGED
     LINE SEARCH PARAMETER =   1.000     SCALED MAX DOF INC = -0.7438E-06
     FORCE CONVERGENCE VALUE  =  0.2189E-08  CRITERION=  0.5000E-04 <<< CONVERGED
    >>> SOLUTION CONVERGED AFTER EQUILIBRIUM ITERATION   1
 *** LOAD STEP     2   SUBSTEP     2  COMPLETED.    CUM ITER =      6
 *** TIME =   20.8661         TIME INC =   10.4279    

   LAYER . . . . . . . . . . . . . . . . . . . . .     2

   LOAD STEP . . . . . . . . . . . . . . . . . . .     3
   ACTION. . . . . . . . . . . . . . . . . . . . .APPLY HEAT
   TIME SPAN OF LOAD STEP. . . . . . . . . . . . . 0.10412E-01
   TIME AT END OF LOAD STEP. . . . . . . . . . . .  20.877    
   TIME STEP SIZE. . . . . . . . . . . . . . . . . 0.52059E-02

     FORCE CONVERGENCE VALUE  =   875.4      CRITERION=   4.377    
     DISP CONVERGENCE VALUE   =  0.1414E-04  CRITERION=  0.8841E-06
    EQUIL ITER   1 COMPLETED.  NEW TRIANG MATRIX.  MAX DOF INC=  0.1414E-04
     DISP CONVERGENCE VALUE   =  0.1414E-04  CRITERION=  0.8841E-06
     LINE SEARCH PARAMETER =   1.000     SCALED MAX DOF INC =  0.1414E-04
     FORCE CONVERGENCE VALUE  =  0.4449E-04  CRITERION=  0.5000E-04 <<< CONVERGED
    EQUIL ITER   2 COMPLETED.  NEW TRIANG MATRIX.  MAX DOF INC= -0.1382E-08
     DISP CONVERGENCE VALUE   =  0.1382E-08  CRITERION=  0.8841E-06 <<< CONVERGED
     LINE SEARCH PARAMETER =   1.000     SCALED MAX DOF INC = -0.1382E-08
     FORCE CONVERGENCE VALUE  =  0.5278E-08  CRITERION=  0.5000E-04 <<< CONVERGED
    >>> SOLUTION CONVERGED AFTER EQUILIBRIUM ITERATION   2
 *** LOAD STEP     3   SUBSTEP     1  COMPLETED.    CUM ITER =      8
 *** TIME =   20.8713         TIME INC =  0.520590E-02

     FORCE CONVERGENCE VALUE  =   137.2      CRITERION=  0.6103    
     DISP CONVERGENCE VALUE   =  0.4265E-05  CRITERION=  0.8841E-06
    EQUIL ITER   1 COMPLETED.  NEW TRIANG MATRIX.  MAX DOF INC=  0.4265E-05
     DISP CONVERGENCE VALUE   =  0.4265E-05  CRITERION=  0.8841E-06
     LINE SEARCH PARAMETER =   1.000     SCALED MAX DOF INC =  0.4265E-05
     FORCE CONVERGENCE VALUE  =  0.1436E-04  CRITERION=  0.5000E-04 <<< CONVERGED
    EQUIL ITER   2 COMPLETED.  NEW TRIANG MATRIX.  MAX DOF INC= -0.5998E-09
     DISP CONVERGENCE VALUE   =  0.5998E-09  CRITERION=  0.8841E-06 <<< CONVERGED
     LINE SEARCH PARAMETER =   1.000     SCALED MAX DOF INC = -0.5998E-09
     FORCE CONVERGENCE VALUE  =  0.2200E-08  CRITERION=  0.5000E-04 <<< CONVERGED
    >>> SOLUTION CONVERGED AFTER EQUILIBRIUM ITERATION   2
 *** LOAD STEP     3   SUBSTEP     2  COMPLETED.    CUM ITER =     10
 *** TIME =   20.8765         TIME INC =  0.520590E-02

   LOAD STEP . . . . . . . . . . . . . . . . . . .     4
   ACTION. . . . . . . . . . . . . . . . . . . . .COOL BETWEEN LAYERS
   TIME SPAN OF LOAD STEP. . . . . . . . . . . . .  20.856    
   TIME AT END OF LOAD STEP. . . . . . . . . . . .  41.732    
   TIME STEP SIZE. . . . . . . . . . . . . . . . .  10.428    

     FORCE CONVERGENCE VALUE  =   260.7      CRITERION=  0.9056    

 *** WARNING ***                         CP =      25.312   TIME= 11:16:48
 There is at least 1 small equation solver pivot term (e.g., at the UX   
 degree of freedom of node 5294) which may indicate a numerically        
 unstable model.  Please check your results carefully.                   
     DISP CONVERGENCE VALUE   =  0.1759E-04  CRITERION=  0.8841E-06
    EQUIL ITER   1 COMPLETED.  NEW TRIANG MATRIX.  MAX DOF INC=  0.1759E-04
     DISP CONVERGENCE VALUE   =  0.1759E-04  CRITERION=  0.8841E-06
     LINE SEARCH PARAMETER =   1.000     SCALED MAX DOF INC =  0.1759E-04
     FORCE CONVERGENCE VALUE  =   15.22      CRITERION=  0.5000E-04

 *** WARNING ***                         CP =      27.875   TIME= 11:16:52
 There is at least 1 small equation solver pivot term (e.g., at the UX   
 degree of freedom of node 5294) which may indicate a numerically        
 unstable model.  Please check your results carefully.                   
    EQUIL ITER   2 COMPLETED.  NEW TRIANG MATRIX.  MAX DOF INC=  0.9101E-04
     DISP CONVERGENCE VALUE   =  0.1396E-04  CRITERION=  0.1578E-05
     LINE SEARCH PARAMETER =  0.1534     SCALED MAX DOF INC =  0.1396E-04
     FORCE CONVERGENCE VALUE  =   5.640      CRITERION=  0.5000E-04

 *** WARNING ***                         CP =      30.094   TIME= 11:16:54
 There is at least 1 small equation solver pivot term (e.g., at the UX   
 degree of freedom of node 5294) which may indicate a numerically        
 unstable model.  Please check your results carefully.                   
    EQUIL ITER   3 COMPLETED.  NEW TRIANG MATRIX.  MAX DOF INC=  0.1625E-05
     DISP CONVERGENCE VALUE   =  0.1232E-05  CRITERION=  0.1578E-05 <<< CONVERGED
     LINE SEARCH PARAMETER =  0.7580     SCALED MAX DOF INC =  0.1232E-05
     FORCE CONVERGENCE VALUE  =   1.160      CRITERION=  0.5000E-04

 *** WARNING ***                         CP =      31.781   TIME= 11:16:56
 There is at least 1 small equation solver pivot term (e.g., at the UX   
 degree of freedom of node 5294) which may indicate a numerically        
 unstable model.  Please check your results carefully.                   
    EQUIL ITER   4 COMPLETED.  NEW TRIANG MATRIX.  MAX DOF INC= -0.2663E-06
     DISP CONVERGENCE VALUE   =  0.2652E-06  CRITERION=  0.1578E-05 <<< CONVERGED
     LINE SEARCH PARAMETER =  0.9957     SCALED MAX DOF INC = -0.2652E-06
     FORCE CONVERGENCE VALUE  =  0.1410E-01  CRITERION=  0.5000E-04

 *** WARNING ***                         CP =      33.594   TIME= 11:16:59
 There is at least 1 small equation solver pivot term (e.g., at the UX   
 degree of freedom of node 5294) which may indicate a numerically        
 unstable model.  Please check your results carefully.                   
    EQUIL ITER   5 COMPLETED.  NEW TRIANG MATRIX.  MAX DOF INC=  0.3453E-08
     DISP CONVERGENCE VALUE   =  0.3453E-08  CRITERION=  0.1578E-05 <<< CONVERGED
     LINE SEARCH PARAMETER =   1.000     SCALED MAX DOF INC =  0.3453E-08
     FORCE CONVERGENCE VALUE  =  0.2339E-04  CRITERION=  0.5000E-04 <<< CONVERGED
    >>> SOLUTION CONVERGED AFTER EQUILIBRIUM ITERATION   5
 *** LOAD STEP     4   SUBSTEP     1  COMPLETED.    CUM ITER =     15
 *** TIME =   31.3044         TIME INC =   10.4279    
 *** MAX PLASTIC STRAIN STEP = 0.1131E-02   CRITERION =  1.000    

     FORCE CONVERGENCE VALUE  =   8.395      CRITERION=  0.4198E-01

 *** WARNING ***                         CP =      36.281   TIME= 11:17:02
 There is at least 1 small equation solver pivot term (e.g., at the UX   
 degree of freedom of node 5294) which may indicate a numerically        
 unstable model.  Please check your results carefully.                   
     DISP CONVERGENCE VALUE   =  0.2477E-07  CRITERION=  0.1578E-05 <<< CONVERGED
    EQUIL ITER   1 COMPLETED.  NEW TRIANG MATRIX.  MAX DOF INC= -0.2477E-07
     DISP CONVERGENCE VALUE   =  0.2477E-07  CRITERION=  0.1578E-05 <<< CONVERGED
     LINE SEARCH PARAMETER =   1.000     SCALED MAX DOF INC = -0.2477E-07
     FORCE CONVERGENCE VALUE  =  0.5417E-02  CRITERION=  0.5000E-04

 *** WARNING ***                         CP =      37.578   TIME= 11:17:04
 There is at least 1 small equation solver pivot term (e.g., at the UX   
 degree of freedom of node 5294) which may indicate a numerically        
 unstable model.  Please check your results carefully.                   
    EQUIL ITER   2 COMPLETED.  NEW TRIANG MATRIX.  MAX DOF INC= -0.1183E-09
     DISP CONVERGENCE VALUE   =  0.1183E-09  CRITERION=  0.1578E-05 <<< CONVERGED
     LINE SEARCH PARAMETER =   1.000     SCALED MAX DOF INC = -0.1183E-09
     FORCE CONVERGENCE VALUE  =  0.2321E-08  CRITERION=  0.5000E-04 <<< CONVERGED
    >>> SOLUTION CONVERGED AFTER EQUILIBRIUM ITERATION   2
 *** LOAD STEP     4   SUBSTEP     2  COMPLETED.    CUM ITER =     17
 *** TIME =   41.7322         TIME INC =   10.4279    
 *** MAX PLASTIC STRAIN STEP = 0.3966E-06   CRITERION =  1.000    

   LAYER . . . . . . . . . . . . . . . . . . . . .     3

   LOAD STEP . . . . . . . . . . . . . . . . . . .     5
   ACTION. . . . . . . . . . . . . . . . . . . . .APPLY HEAT
   TIME SPAN OF LOAD STEP. . . . . . . . . . . . . 0.10412E-01
   TIME AT END OF LOAD STEP. . . . . . . . . . . .  41.743    
   TIME STEP SIZE. . . . . . . . . . . . . . . . . 0.52059E-02

     FORCE CONVERGENCE VALUE  =   55.64      CRITERION=  0.2782    
     DISP CONVERGENCE VALUE   =  0.2086E-05  CRITERION=  0.1578E-05
    EQUIL ITER   1 COMPLETED.  NEW TRIANG MATRIX.  MAX DOF INC=  0.2086E-05
     DISP CONVERGENCE VALUE   =  0.2086E-05  CRITERION=  0.1578E-05
     LINE SEARCH PARAMETER =   1.000     SCALED MAX DOF INC =  0.2086E-05
     FORCE CONVERGENCE VALUE  =  0.6804E-05  CRITERION=  0.5000E-04 <<< CONVERGED
    EQUIL ITER   2 COMPLETED.  NEW TRIANG MATRIX.  MAX DOF INC=  0.6025E-10
     DISP CONVERGENCE VALUE   =  0.6025E-10  CRITERION=  0.1578E-05 <<< CONVERGED
     LINE SEARCH PARAMETER =   1.000     SCALED MAX DOF INC =  0.6025E-10
     FORCE CONVERGENCE VALUE  =  0.1517E-09  CRITERION=  0.5000E-04 <<< CONVERGED
    >>> SOLUTION CONVERGED AFTER EQUILIBRIUM ITERATION   2
 *** LOAD STEP     5   SUBSTEP     1  COMPLETED.    CUM ITER =     19
 *** TIME =   41.7375         TIME INC =  0.520590E-02

     FORCE CONVERGENCE VALUE  =   9.316      CRITERION=  0.4658E-01
     DISP CONVERGENCE VALUE   =  0.1868E-06  CRITERION=  0.1578E-05 <<< CONVERGED
    EQUIL ITER   1 COMPLETED.  NEW TRIANG MATRIX.  MAX DOF INC= -0.1868E-06
     DISP CONVERGENCE VALUE   =  0.1868E-06  CRITERION=  0.1578E-05 <<< CONVERGED
     LINE SEARCH PARAMETER =   1.000     SCALED MAX DOF INC = -0.1868E-06
     FORCE CONVERGENCE VALUE  =  0.6500E-06  CRITERION=  0.5000E-04 <<< CONVERGED
    >>> SOLUTION CONVERGED AFTER EQUILIBRIUM ITERATION   1
 *** LOAD STEP     5   SUBSTEP     2  COMPLETED.    CUM ITER =     20
 *** TIME =   41.7427         TIME INC =  0.520590E-02

   LOAD STEP . . . . . . . . . . . . . . . . . . .     6
   ACTION. . . . . . . . . . . . . . . . . . . . .COOL BETWEEN LAYERS
   TIME SPAN OF LOAD STEP. . . . . . . . . . . . .  20.856    
   TIME AT END OF LOAD STEP. . . . . . . . . . . .  62.598    
   TIME STEP SIZE. . . . . . . . . . . . . . . . .  10.428    

     FORCE CONVERGENCE VALUE  =   56.93      CRITERION=  0.2822    
     DISP CONVERGENCE VALUE   =  0.4555E-05  CRITERION=  0.1578E-05
    EQUIL ITER   1 COMPLETED.  NEW TRIANG MATRIX.  MAX DOF INC= -0.4555E-05
     DISP CONVERGENCE VALUE   =  0.4555E-05  CRITERION=  0.1578E-05
     LINE SEARCH PARAMETER =   1.000     SCALED MAX DOF INC = -0.4555E-05
     FORCE CONVERGENCE VALUE  =   1.431      CRITERION=  0.5000E-04
    EQUIL ITER   2 COMPLETED.  NEW TRIANG MATRIX.  MAX DOF INC= -0.1199E-06
     DISP CONVERGENCE VALUE   =  0.1199E-06  CRITERION=  0.1578E-05 <<< CONVERGED
     LINE SEARCH PARAMETER =   1.000     SCALED MAX DOF INC = -0.1199E-06
     FORCE CONVERGENCE VALUE  =  0.7611E-02  CRITERION=  0.5000E-04
    EQUIL ITER   3 COMPLETED.  NEW TRIANG MATRIX.  MAX DOF INC= -0.1347E-08
     DISP CONVERGENCE VALUE   =  0.1347E-08  CRITERION=  0.1578E-05 <<< CONVERGED
     LINE SEARCH PARAMETER =   1.000     SCALED MAX DOF INC = -0.1347E-08
     FORCE CONVERGENCE VALUE  =  0.4624E-05  CRITERION=  0.5000E-04 <<< CONVERGED
    >>> SOLUTION CONVERGED AFTER EQUILIBRIUM ITERATION   3
 *** LOAD STEP     6   SUBSTEP     1  COMPLETED.    CUM ITER =     23
 *** TIME =   52.1705         TIME INC =   10.4279    
 *** MAX PLASTIC STRAIN STEP = 0.2226E-03   CRITERION =  1.000    

     FORCE CONVERGENCE VALUE  =  0.9790      CRITERION=  0.4895E-02
     DISP CONVERGENCE VALUE   =  0.3186E-07  CRITERION=  0.1578E-05 <<< CONVERGED
    EQUIL ITER   1 COMPLETED.  NEW TRIANG MATRIX.  MAX DOF INC= -0.3186E-07
     DISP CONVERGENCE VALUE   =  0.3186E-07  CRITERION=  0.1578E-05 <<< CONVERGED
     LINE SEARCH PARAMETER =   1.000     SCALED MAX DOF INC = -0.3186E-07
     FORCE CONVERGENCE VALUE  =  0.1776E-01  CRITERION=  0.5000E-04
    EQUIL ITER   2 COMPLETED.  NEW TRIANG MATRIX.  MAX DOF INC= -0.1408E-08
     DISP CONVERGENCE VALUE   =  0.1407E-08  CRITERION=  0.1578E-05 <<< CONVERGED
     LINE SEARCH PARAMETER =  0.9997     SCALED MAX DOF INC = -0.1407E-08
     FORCE CONVERGENCE VALUE  =  0.6155E-05  CRITERION=  0.5000E-04 <<< CONVERGED
    >>> SOLUTION CONVERGED AFTER EQUILIBRIUM ITERATION   2
 *** LOAD STEP     6   SUBSTEP     2  COMPLETED.    CUM ITER =     25
 *** TIME =   62.5984         TIME INC =   10.4279    
 *** MAX PLASTIC STRAIN STEP = 0.2771E-05   CRITERION =  1.000    

   LAYER . . . . . . . . . . . . . . . . . . . . .     4

   LOAD STEP . . . . . . . . . . . . . . . . . . .     7
   ACTION. . . . . . . . . . . . . . . . . . . . .APPLY HEAT
   TIME SPAN OF LOAD STEP. . . . . . . . . . . . . 0.10412E-01
   TIME AT END OF LOAD STEP. . . . . . . . . . . .  62.609    
   TIME STEP SIZE. . . . . . . . . . . . . . . . . 0.52059E-02

     FORCE CONVERGENCE VALUE  =   21.16      CRITERION=  0.1058    
     DISP CONVERGENCE VALUE   =  0.4964E-06  CRITERION=  0.1578E-05 <<< CONVERGED
    EQUIL ITER   1 COMPLETED.  NEW TRIANG MATRIX.  MAX DOF INC=  0.4964E-06
     DISP CONVERGENCE VALUE   =  0.4964E-06  CRITERION=  0.1578E-05 <<< CONVERGED
     LINE SEARCH PARAMETER =   1.000     SCALED MAX DOF INC =  0.4964E-06
     FORCE CONVERGENCE VALUE  =  0.1927E-05  CRITERION=  0.5000E-04 <<< CONVERGED
    >>> SOLUTION CONVERGED AFTER EQUILIBRIUM ITERATION   1
 *** LOAD STEP     7   SUBSTEP     1  COMPLETED.    CUM ITER =     26
 *** TIME =   62.6036         TIME INC =  0.520590E-02

     FORCE CONVERGENCE VALUE  =   2.522      CRITERION=  0.1261E-01
     DISP CONVERGENCE VALUE   =  0.4301E-07  CRITERION=  0.1578E-05 <<< CONVERGED
    EQUIL ITER   1 COMPLETED.  NEW TRIANG MATRIX.  MAX DOF INC=  0.4301E-07
     DISP CONVERGENCE VALUE   =  0.4301E-07  CRITERION=  0.1578E-05 <<< CONVERGED
     LINE SEARCH PARAMETER =   1.000     SCALED MAX DOF INC =  0.4301E-07
     FORCE CONVERGENCE VALUE  =  0.1067E-06  CRITERION=  0.5000E-04 <<< CONVERGED
    >>> SOLUTION CONVERGED AFTER EQUILIBRIUM ITERATION   1
 *** LOAD STEP     7   SUBSTEP     2  COMPLETED.    CUM ITER =     27
 *** TIME =   62.6088         TIME INC =  0.520590E-02

   LOAD STEP . . . . . . . . . . . . . . . . . . .     8
   ACTION. . . . . . . . . . . . . . . . . . . . .COOL BETWEEN LAYERS
   TIME SPAN OF LOAD STEP. . . . . . . . . . . . .  20.856    
   TIME AT END OF LOAD STEP. . . . . . . . . . . .  83.465    
   TIME STEP SIZE. . . . . . . . . . . . . . . . .  10.428    

     FORCE CONVERGENCE VALUE  =   67.39      CRITERION=  0.3357    
     DISP CONVERGENCE VALUE   =  0.1515E-05  CRITERION=  0.1578E-05 <<< CONVERGED
    EQUIL ITER   1 COMPLETED.  NEW TRIANG MATRIX.  MAX DOF INC=  0.1515E-05
     DISP CONVERGENCE VALUE   =  0.1515E-05  CRITERION=  0.1578E-05 <<< CONVERGED
     LINE SEARCH PARAMETER =   1.000     SCALED MAX DOF INC =  0.1515E-05
     FORCE CONVERGENCE VALUE  =  0.6493      CRITERION=  0.5000E-04
    EQUIL ITER   2 COMPLETED.  NEW TRIANG MATRIX.  MAX DOF INC=  0.2747E-07
     DISP CONVERGENCE VALUE   =  0.2747E-07  CRITERION=  0.1578E-05 <<< CONVERGED
     LINE SEARCH PARAMETER =   1.000     SCALED MAX DOF INC =  0.2747E-07
     FORCE CONVERGENCE VALUE  =  0.2610E-02  CRITERION=  0.5000E-04
    EQUIL ITER   3 COMPLETED.  NEW TRIANG MATRIX.  MAX DOF INC=  0.1139E-09
     DISP CONVERGENCE VALUE   =  0.1139E-09  CRITERION=  0.1578E-05 <<< CONVERGED
     LINE SEARCH PARAMETER =   1.000     SCALED MAX DOF INC =  0.1139E-09
     FORCE CONVERGENCE VALUE  =  0.5410E-07  CRITERION=  0.5000E-04 <<< CONVERGED
    >>> SOLUTION CONVERGED AFTER EQUILIBRIUM ITERATION   3
 *** LOAD STEP     8   SUBSTEP     1  COMPLETED.    CUM ITER =     30
 *** TIME =   73.0368         TIME INC =   10.4280    
 *** MAX PLASTIC STRAIN STEP = 0.9829E-04   CRITERION =  1.000    

     FORCE CONVERGENCE VALUE  =   2.449      CRITERION=  0.1224E-01
     DISP CONVERGENCE VALUE   =  0.3086E-07  CRITERION=  0.1578E-05 <<< CONVERGED
    EQUIL ITER   1 COMPLETED.  NEW TRIANG MATRIX.  MAX DOF INC=  0.3086E-07
     DISP CONVERGENCE VALUE   =  0.3086E-07  CRITERION=  0.1578E-05 <<< CONVERGED
     LINE SEARCH PARAMETER =   1.000     SCALED MAX DOF INC =  0.3086E-07
     FORCE CONVERGENCE VALUE  =  0.1712E-01  CRITERION=  0.5000E-04
    EQUIL ITER   2 COMPLETED.  NEW TRIANG MATRIX.  MAX DOF INC=  0.7241E-09
     DISP CONVERGENCE VALUE   =  0.7241E-09  CRITERION=  0.1578E-05 <<< CONVERGED
     LINE SEARCH PARAMETER =   1.000     SCALED MAX DOF INC =  0.7241E-09
     FORCE CONVERGENCE VALUE  =  0.6511E-06  CRITERION=  0.5000E-04 <<< CONVERGED
    >>> SOLUTION CONVERGED AFTER EQUILIBRIUM ITERATION   2
 *** LOAD STEP     8   SUBSTEP     2  COMPLETED.    CUM ITER =     32
 *** TIME =   83.4648         TIME INC =   10.4280    
 *** MAX PLASTIC STRAIN STEP = 0.2523E-05   CRITERION =  1.000    

   LAYER . . . . . . . . . . . . . . . . . . . . .     5

   LOAD STEP . . . . . . . . . . . . . . . . . . .     9
   ACTION. . . . . . . . . . . . . . . . . . . . .APPLY HEAT
   TIME SPAN OF LOAD STEP. . . . . . . . . . . . . 0.10412E-01
   TIME AT END OF LOAD STEP. . . . . . . . . . . .  83.475    
   TIME STEP SIZE. . . . . . . . . . . . . . . . . 0.52059E-02

     FORCE CONVERGENCE VALUE  =   39.97      CRITERION=  0.1999    
     DISP CONVERGENCE VALUE   =  0.3699E-06  CRITERION=  0.1578E-05 <<< CONVERGED
    EQUIL ITER   1 COMPLETED.  NEW TRIANG MATRIX.  MAX DOF INC= -0.3699E-06
     DISP CONVERGENCE VALUE   =  0.3699E-06  CRITERION=  0.1578E-05 <<< CONVERGED
     LINE SEARCH PARAMETER =   1.000     SCALED MAX DOF INC = -0.3699E-06
     FORCE CONVERGENCE VALUE  =  0.1374E-05  CRITERION=  0.5000E-04 <<< CONVERGED
    >>> SOLUTION CONVERGED AFTER EQUILIBRIUM ITERATION   1
 *** LOAD STEP     9   SUBSTEP     1  COMPLETED.    CUM ITER =     33
 *** TIME =   83.4701         TIME INC =  0.520600E-02

     FORCE CONVERGENCE VALUE  =   4.677      CRITERION=  0.2338E-01
     DISP CONVERGENCE VALUE   =  0.4485E-07  CRITERION=  0.1578E-05 <<< CONVERGED
    EQUIL ITER   1 COMPLETED.  NEW TRIANG MATRIX.  MAX DOF INC=  0.4485E-07
     DISP CONVERGENCE VALUE   =  0.4485E-07  CRITERION=  0.1578E-05 <<< CONVERGED
     LINE SEARCH PARAMETER =   1.000     SCALED MAX DOF INC =  0.4485E-07
     FORCE CONVERGENCE VALUE  =  0.1606E-06  CRITERION=  0.5000E-04 <<< CONVERGED
    >>> SOLUTION CONVERGED AFTER EQUILIBRIUM ITERATION   1
 *** LOAD STEP     9   SUBSTEP     2  COMPLETED.    CUM ITER =     34
 *** TIME =   83.4753         TIME INC =  0.520600E-02

   LOAD STEP . . . . . . . . . . . . . . . . . . .    10
   ACTION. . . . . . . . . . . . . . . . . . . . .COOL BETWEEN LAYERS
   TIME SPAN OF LOAD STEP. . . . . . . . . . . . .  20.856    
   TIME AT END OF LOAD STEP. . . . . . . . . . . .  104.33    
   TIME STEP SIZE. . . . . . . . . . . . . . . . .  10.428    

     FORCE CONVERGENCE VALUE  =   29.41      CRITERION=  0.1442    
     DISP CONVERGENCE VALUE   =  0.7840E-06  CRITERION=  0.1578E-05 <<< CONVERGED
    EQUIL ITER   1 COMPLETED.  NEW TRIANG MATRIX.  MAX DOF INC=  0.7840E-06
     DISP CONVERGENCE VALUE   =  0.7840E-06  CRITERION=  0.1578E-05 <<< CONVERGED
     LINE SEARCH PARAMETER =   1.000     SCALED MAX DOF INC =  0.7840E-06
     FORCE CONVERGENCE VALUE  =  0.2294      CRITERION=  0.5000E-04
    EQUIL ITER   2 COMPLETED.  NEW TRIANG MATRIX.  MAX DOF INC=  0.1082E-07
     DISP CONVERGENCE VALUE   =  0.1082E-07  CRITERION=  0.1578E-05 <<< CONVERGED
     LINE SEARCH PARAMETER =   1.000     SCALED MAX DOF INC =  0.1082E-07
     FORCE CONVERGENCE VALUE  =  0.9562E-03  CRITERION=  0.5000E-04
    EQUIL ITER   3 COMPLETED.  NEW TRIANG MATRIX.  MAX DOF INC= -0.5103E-10
     DISP CONVERGENCE VALUE   =  0.5103E-10  CRITERION=  0.1578E-05 <<< CONVERGED
     LINE SEARCH PARAMETER =   1.000     SCALED MAX DOF INC = -0.5103E-10
     FORCE CONVERGENCE VALUE  =  0.1742E-07  CRITERION=  0.5000E-04 <<< CONVERGED
    >>> SOLUTION CONVERGED AFTER EQUILIBRIUM ITERATION   3
 *** LOAD STEP    10   SUBSTEP     1  COMPLETED.    CUM ITER =     37
 *** TIME =   93.9033         TIME INC =   10.4280    
 *** MAX PLASTIC STRAIN STEP = 0.5829E-04   CRITERION =  1.000    

     FORCE CONVERGENCE VALUE  =   1.320      CRITERION=  0.6601E-02
     DISP CONVERGENCE VALUE   =  0.1190E-07  CRITERION=  0.1578E-05 <<< CONVERGED
    EQUIL ITER   1 COMPLETED.  NEW TRIANG MATRIX.  MAX DOF INC=  0.1190E-07
     DISP CONVERGENCE VALUE   =  0.1190E-07  CRITERION=  0.1578E-05 <<< CONVERGED
     LINE SEARCH PARAMETER =   1.000     SCALED MAX DOF INC =  0.1190E-07
     FORCE CONVERGENCE VALUE  =  0.6625E-02  CRITERION=  0.5000E-04
    EQUIL ITER   2 COMPLETED.  NEW TRIANG MATRIX.  MAX DOF INC=  0.3182E-09
     DISP CONVERGENCE VALUE   =  0.3182E-09  CRITERION=  0.1578E-05 <<< CONVERGED
     LINE SEARCH PARAMETER =   1.000     SCALED MAX DOF INC =  0.3182E-09
     FORCE CONVERGENCE VALUE  =  0.3349E-06  CRITERION=  0.5000E-04 <<< CONVERGED
    >>> SOLUTION CONVERGED AFTER EQUILIBRIUM ITERATION   2
 *** LOAD STEP    10   SUBSTEP     2  COMPLETED.    CUM ITER =     39
 *** TIME =   104.331         TIME INC =   10.4280    
 *** MAX PLASTIC STRAIN STEP = 0.1455E-05   CRITERION =  1.000    

   LAYER . . . . . . . . . . . . . . . . . . . . .     6

   LOAD STEP . . . . . . . . . . . . . . . . . . .    11
   ACTION. . . . . . . . . . . . . . . . . . . . .APPLY HEAT
   TIME SPAN OF LOAD STEP. . . . . . . . . . . . . 0.10412E-01
   TIME AT END OF LOAD STEP. . . . . . . . . . . .  104.34    
   TIME STEP SIZE. . . . . . . . . . . . . . . . . 0.52059E-02

     FORCE CONVERGENCE VALUE  =   16.80      CRITERION=  0.8401E-01
     DISP CONVERGENCE VALUE   =  0.1363E-06  CRITERION=  0.1578E-05 <<< CONVERGED
    EQUIL ITER   1 COMPLETED.  NEW TRIANG MATRIX.  MAX DOF INC= -0.1363E-06
     DISP CONVERGENCE VALUE   =  0.1363E-06  CRITERION=  0.1578E-05 <<< CONVERGED
     LINE SEARCH PARAMETER =   1.000     SCALED MAX DOF INC = -0.1363E-06
     FORCE CONVERGENCE VALUE  =  0.4611E-06  CRITERION=  0.5000E-04 <<< CONVERGED
    >>> SOLUTION CONVERGED AFTER EQUILIBRIUM ITERATION   1
 *** LOAD STEP    11   SUBSTEP     1  COMPLETED.    CUM ITER =     40
 *** TIME =   104.337         TIME INC =  0.520600E-02

     FORCE CONVERGENCE VALUE  =   2.346      CRITERION=  0.1173E-01
     DISP CONVERGENCE VALUE   =  0.1817E-07  CRITERION=  0.1578E-05 <<< CONVERGED
    EQUIL ITER   1 COMPLETED.  NEW TRIANG MATRIX.  MAX DOF INC=  0.1817E-07
     DISP CONVERGENCE VALUE   =  0.1817E-07  CRITERION=  0.1578E-05 <<< CONVERGED
     LINE SEARCH PARAMETER =   1.000     SCALED MAX DOF INC =  0.1817E-07
     FORCE CONVERGENCE VALUE  =  0.5767E-07  CRITERION=  0.5000E-04 <<< CONVERGED
    >>> SOLUTION CONVERGED AFTER EQUILIBRIUM ITERATION   1
 *** LOAD STEP    11   SUBSTEP     2  COMPLETED.    CUM ITER =     41
 *** TIME =   104.342         TIME INC =  0.520600E-02

   LOAD STEP . . . . . . . . . . . . . . . . . . .    12
   ACTION. . . . . . . . . . . . . . . . . . . . .COOL BETWEEN LAYERS
   TIME SPAN OF LOAD STEP. . . . . . . . . . . . .  20.856    
   TIME AT END OF LOAD STEP. . . . . . . . . . . .  125.20    
   TIME STEP SIZE. . . . . . . . . . . . . . . . .  10.428    

     FORCE CONVERGENCE VALUE  =   18.31      CRITERION=  0.9044E-01

 *** WARNING ***                         CP =      95.828   TIME= 11:18:25
 There is at least 1 small equation solver pivot term (e.g., at the UY   
 degree of freedom of node 5279) which may indicate a numerically        
 unstable model.  Please check your results carefully.                   
     DISP CONVERGENCE VALUE   =  0.2800E-06  CRITERION=  0.1578E-05 <<< CONVERGED
    EQUIL ITER   1 COMPLETED.  NEW TRIANG MATRIX.  MAX DOF INC=  0.2800E-06
     DISP CONVERGENCE VALUE   =  0.2800E-06  CRITERION=  0.1578E-05 <<< CONVERGED
     LINE SEARCH PARAMETER =   1.000     SCALED MAX DOF INC =  0.2800E-06
     FORCE CONVERGENCE VALUE  =  0.1197      CRITERION=  0.5000E-04

 *** WARNING ***                         CP =      98.016   TIME= 11:18:28
 There is at least 1 small equation solver pivot term (e.g., at the UY   
 degree of freedom of node 5279) which may indicate a numerically        
 unstable model.  Please check your results carefully.                   
    EQUIL ITER   2 COMPLETED.  NEW TRIANG MATRIX.  MAX DOF INC=  0.3920E-08
     DISP CONVERGENCE VALUE   =  0.3920E-08  CRITERION=  0.1578E-05 <<< CONVERGED
     LINE SEARCH PARAMETER =   1.000     SCALED MAX DOF INC =  0.3920E-08
     FORCE CONVERGENCE VALUE  =  0.2258E-03  CRITERION=  0.5000E-04

 *** WARNING ***                         CP =      99.703   TIME= 11:18:30
 There is at least 1 small equation solver pivot term (e.g., at the UY   
 degree of freedom of node 5279) which may indicate a numerically        
 unstable model.  Please check your results carefully.                   
    EQUIL ITER   3 COMPLETED.  NEW TRIANG MATRIX.  MAX DOF INC= -0.1330E-10
     DISP CONVERGENCE VALUE   =  0.1330E-10  CRITERION=  0.1578E-05 <<< CONVERGED
     LINE SEARCH PARAMETER =   1.000     SCALED MAX DOF INC = -0.1330E-10
     FORCE CONVERGENCE VALUE  =  0.9673E-09  CRITERION=  0.5000E-04 <<< CONVERGED
    >>> SOLUTION CONVERGED AFTER EQUILIBRIUM ITERATION   3
 *** LOAD STEP    12   SUBSTEP     1  COMPLETED.    CUM ITER =     44
 *** TIME =   114.770         TIME INC =   10.4280    
 *** MAX PLASTIC STRAIN STEP = 0.3129E-04   CRITERION =  1.000    

     FORCE CONVERGENCE VALUE  =  0.7866      CRITERION=  0.3933E-02

 *** WARNING ***                         CP =     101.969   TIME= 11:18:33
 There is at least 1 small equation solver pivot term (e.g., at the UY   
 degree of freedom of node 5279) which may indicate a numerically        
 unstable model.  Please check your results carefully.                   
     DISP CONVERGENCE VALUE   =  0.5567E-08  CRITERION=  0.1578E-05 <<< CONVERGED
    EQUIL ITER   1 COMPLETED.  NEW TRIANG MATRIX.  MAX DOF INC=  0.5567E-08
     DISP CONVERGENCE VALUE   =  0.5567E-08  CRITERION=  0.1578E-05 <<< CONVERGED
     LINE SEARCH PARAMETER =   1.000     SCALED MAX DOF INC =  0.5567E-08
     FORCE CONVERGENCE VALUE  =  0.3949E-02  CRITERION=  0.5000E-04

 *** WARNING ***                         CP =     103.547   TIME= 11:18:34
 There is at least 1 small equation solver pivot term (e.g., at the UY   
 degree of freedom of node 5279) which may indicate a numerically        
 unstable model.  Please check your results carefully.                   
    EQUIL ITER   2 COMPLETED.  NEW TRIANG MATRIX.  MAX DOF INC=  0.1307E-09
     DISP CONVERGENCE VALUE   =  0.1307E-09  CRITERION=  0.1578E-05 <<< CONVERGED
     LINE SEARCH PARAMETER =   1.000     SCALED MAX DOF INC =  0.1307E-09
     FORCE CONVERGENCE VALUE  =  0.8950E-07  CRITERION=  0.5000E-04 <<< CONVERGED
    >>> SOLUTION CONVERGED AFTER EQUILIBRIUM ITERATION   2
 *** LOAD STEP    12   SUBSTEP     2  COMPLETED.    CUM ITER =     46
 *** TIME =   125.198         TIME INC =   10.4280    
 *** MAX PLASTIC STRAIN STEP = 0.8876E-06   CRITERION =  1.000    

   LAYER . . . . . . . . . . . . . . . . . . . . .     7

   LOAD STEP . . . . . . . . . . . . . . . . . . .    13
   ACTION. . . . . . . . . . . . . . . . . . . . .APPLY HEAT
   TIME SPAN OF LOAD STEP. . . . . . . . . . . . . 0.10412E-01
   TIME AT END OF LOAD STEP. . . . . . . . . . . .  125.21    
   TIME STEP SIZE. . . . . . . . . . . . . . . . . 0.52059E-02

     FORCE CONVERGENCE VALUE  =   9.702      CRITERION=  0.4851E-01
     DISP CONVERGENCE VALUE   =  0.6758E-07  CRITERION=  0.1578E-05 <<< CONVERGED
    EQUIL ITER   1 COMPLETED.  NEW TRIANG MATRIX.  MAX DOF INC=  0.6758E-07
     DISP CONVERGENCE VALUE   =  0.6758E-07  CRITERION=  0.1578E-05 <<< CONVERGED
     LINE SEARCH PARAMETER =   1.000     SCALED MAX DOF INC =  0.6758E-07
     FORCE CONVERGENCE VALUE  =  0.2130E-06  CRITERION=  0.5000E-04 <<< CONVERGED
    >>> SOLUTION CONVERGED AFTER EQUILIBRIUM ITERATION   1
 *** LOAD STEP    13   SUBSTEP     1  COMPLETED.    CUM ITER =     47
 *** TIME =   125.203         TIME INC =  0.520600E-02

     FORCE CONVERGENCE VALUE  =   1.147      CRITERION=  0.5735E-02
     DISP CONVERGENCE VALUE   =  0.9710E-08  CRITERION=  0.1578E-05 <<< CONVERGED
    EQUIL ITER   1 COMPLETED.  NEW TRIANG MATRIX.  MAX DOF INC=  0.9710E-08
     DISP CONVERGENCE VALUE   =  0.9710E-08  CRITERION=  0.1578E-05 <<< CONVERGED
     LINE SEARCH PARAMETER =   1.000     SCALED MAX DOF INC =  0.9710E-08
     FORCE CONVERGENCE VALUE  =  0.2938E-07  CRITERION=  0.5000E-04 <<< CONVERGED
    >>> SOLUTION CONVERGED AFTER EQUILIBRIUM ITERATION   1
 *** LOAD STEP    13   SUBSTEP     2  COMPLETED.    CUM ITER =     48
 *** TIME =   125.208         TIME INC =  0.520600E-02

   LOAD STEP . . . . . . . . . . . . . . . . . . .    14
   ACTION. . . . . . . . . . . . . . . . . . . . .COOL BETWEEN LAYERS
   TIME SPAN OF LOAD STEP. . . . . . . . . . . . .  20.856    
   TIME AT END OF LOAD STEP. . . . . . . . . . . .  146.06    
   TIME STEP SIZE. . . . . . . . . . . . . . . . .  10.428    

     FORCE CONVERGENCE VALUE  =   11.71      CRITERION=  0.5793E-01

 *** WARNING ***                         CP =     110.875   TIME= 11:18:43
 There is at least 1 small equation solver pivot term (e.g., at the UX   
 degree of freedom of node 5297) which may indicate a numerically        
 unstable model.  Please check your results carefully.                   
     DISP CONVERGENCE VALUE   =  0.1390E-06  CRITERION=  0.1578E-05 <<< CONVERGED
    EQUIL ITER   1 COMPLETED.  NEW TRIANG MATRIX.  MAX DOF INC=  0.1390E-06
     DISP CONVERGENCE VALUE   =  0.1390E-06  CRITERION=  0.1578E-05 <<< CONVERGED
     LINE SEARCH PARAMETER =   1.000     SCALED MAX DOF INC =  0.1390E-06
     FORCE CONVERGENCE VALUE  =  0.6733E-01  CRITERION=  0.5000E-04

 *** WARNING ***                         CP =     112.344   TIME= 11:18:45
 There is at least 1 small equation solver pivot term (e.g., at the UX   
 degree of freedom of node 5297) which may indicate a numerically        
 unstable model.  Please check your results carefully.                   
    EQUIL ITER   2 COMPLETED.  NEW TRIANG MATRIX.  MAX DOF INC=  0.1733E-08
     DISP CONVERGENCE VALUE   =  0.1733E-08  CRITERION=  0.1578E-05 <<< CONVERGED
     LINE SEARCH PARAMETER =   1.000     SCALED MAX DOF INC =  0.1733E-08
     FORCE CONVERGENCE VALUE  =  0.1266E-03  CRITERION=  0.5000E-04

 *** WARNING ***                         CP =     113.922   TIME= 11:18:47
 There is at least 1 small equation solver pivot term (e.g., at the UX   
 degree of freedom of node 5297) which may indicate a numerically        
 unstable model.  Please check your results carefully.                   
    EQUIL ITER   3 COMPLETED.  NEW TRIANG MATRIX.  MAX DOF INC=  0.3691E-11
     DISP CONVERGENCE VALUE   =  0.3691E-11  CRITERION=  0.1578E-05 <<< CONVERGED
     LINE SEARCH PARAMETER =   1.000     SCALED MAX DOF INC =  0.3691E-11
     FORCE CONVERGENCE VALUE  =  0.1763E-09  CRITERION=  0.5000E-04 <<< CONVERGED
    >>> SOLUTION CONVERGED AFTER EQUILIBRIUM ITERATION   3
 *** LOAD STEP    14   SUBSTEP     1  COMPLETED.    CUM ITER =     51
 *** TIME =   135.636         TIME INC =   10.4280    
 *** MAX PLASTIC STRAIN STEP = 0.1617E-04   CRITERION =  1.000    

     FORCE CONVERGENCE VALUE  =  0.5297      CRITERION=  0.2649E-02

 *** WARNING ***                         CP =     116.094   TIME= 11:18:50
 There is at least 1 small equation solver pivot term (e.g., at the UX   
 degree of freedom of node 5297) which may indicate a numerically        
 unstable model.  Please check your results carefully.                   
     DISP CONVERGENCE VALUE   =  0.3248E-08  CRITERION=  0.1578E-05 <<< CONVERGED
    EQUIL ITER   1 COMPLETED.  NEW TRIANG MATRIX.  MAX DOF INC=  0.3248E-08
     DISP CONVERGENCE VALUE   =  0.3248E-08  CRITERION=  0.1578E-05 <<< CONVERGED
     LINE SEARCH PARAMETER =   1.000     SCALED MAX DOF INC =  0.3248E-08
     FORCE CONVERGENCE VALUE  =  0.2495E-02  CRITERION=  0.5000E-04

 *** WARNING ***                         CP =     117.625   TIME= 11:18:52
 There is at least 1 small equation solver pivot term (e.g., at the UX   
 degree of freedom of node 5297) which may indicate a numerically        
 unstable model.  Please check your results carefully.                   
    EQUIL ITER   2 COMPLETED.  NEW TRIANG MATRIX.  MAX DOF INC=  0.6632E-10
     DISP CONVERGENCE VALUE   =  0.6632E-10  CRITERION=  0.1578E-05 <<< CONVERGED
     LINE SEARCH PARAMETER =   1.000     SCALED MAX DOF INC =  0.6632E-10
     FORCE CONVERGENCE VALUE  =  0.2628E-07  CRITERION=  0.5000E-04 <<< CONVERGED
    >>> SOLUTION CONVERGED AFTER EQUILIBRIUM ITERATION   2
 *** LOAD STEP    14   SUBSTEP     2  COMPLETED.    CUM ITER =     53
 *** TIME =   146.064         TIME INC =   10.4280    
 *** MAX PLASTIC STRAIN STEP = 0.5597E-06   CRITERION =  1.000    

   LAYER . . . . . . . . . . . . . . . . . . . . .     8

   LOAD STEP . . . . . . . . . . . . . . . . . . .    15
   ACTION. . . . . . . . . . . . . . . . . . . . .APPLY HEAT
   TIME SPAN OF LOAD STEP. . . . . . . . . . . . . 0.10412E-01
   TIME AT END OF LOAD STEP. . . . . . . . . . . .  146.07    
   TIME STEP SIZE. . . . . . . . . . . . . . . . . 0.52059E-02

     FORCE CONVERGENCE VALUE  =   6.362      CRITERION=  0.3181E-01
     DISP CONVERGENCE VALUE   =  0.4146E-07  CRITERION=  0.1578E-05 <<< CONVERGED
    EQUIL ITER   1 COMPLETED.  NEW TRIANG MATRIX.  MAX DOF INC=  0.4146E-07
     DISP CONVERGENCE VALUE   =  0.4146E-07  CRITERION=  0.1578E-05 <<< CONVERGED
     LINE SEARCH PARAMETER =   1.000     SCALED MAX DOF INC =  0.4146E-07
     FORCE CONVERGENCE VALUE  =  0.1165E-06  CRITERION=  0.5000E-04 <<< CONVERGED
    >>> SOLUTION CONVERGED AFTER EQUILIBRIUM ITERATION   1
 *** LOAD STEP    15   SUBSTEP     1  COMPLETED.    CUM ITER =     54
 *** TIME =   146.069         TIME INC =  0.520600E-02

     FORCE CONVERGENCE VALUE  =  0.7472      CRITERION=  0.3736E-02
     DISP CONVERGENCE VALUE   =  0.6091E-08  CRITERION=  0.1578E-05 <<< CONVERGED
    EQUIL ITER   1 COMPLETED.  NEW TRIANG MATRIX.  MAX DOF INC=  0.6091E-08
     DISP CONVERGENCE VALUE   =  0.6091E-08  CRITERION=  0.1578E-05 <<< CONVERGED
     LINE SEARCH PARAMETER =   1.000     SCALED MAX DOF INC =  0.6091E-08
     FORCE CONVERGENCE VALUE  =  0.1744E-07  CRITERION=  0.5000E-04 <<< CONVERGED
    >>> SOLUTION CONVERGED AFTER EQUILIBRIUM ITERATION   1
 *** LOAD STEP    15   SUBSTEP     2  COMPLETED.    CUM ITER =     55
 *** TIME =   146.075         TIME INC =  0.520600E-02

   LOAD STEP . . . . . . . . . . . . . . . . . . .    16
   ACTION. . . . . . . . . . . . . . . . . . . . .COOL BETWEEN LAYERS
   TIME SPAN OF LOAD STEP. . . . . . . . . . . . .  20.856    
   TIME AT END OF LOAD STEP. . . . . . . . . . . .  166.93    
   TIME STEP SIZE. . . . . . . . . . . . . . . . .  10.428    

     FORCE CONVERGENCE VALUE  =   8.027      CRITERION=  0.3970E-01
     DISP CONVERGENCE VALUE   =  0.8104E-07  CRITERION=  0.1578E-05 <<< CONVERGED
    EQUIL ITER   1 COMPLETED.  NEW TRIANG MATRIX.  MAX DOF INC=  0.8104E-07
     DISP CONVERGENCE VALUE   =  0.8104E-07  CRITERION=  0.1578E-05 <<< CONVERGED
     LINE SEARCH PARAMETER =   1.000     SCALED MAX DOF INC =  0.8104E-07
     FORCE CONVERGENCE VALUE  =  0.4023E-01  CRITERION=  0.5000E-04
    EQUIL ITER   2 COMPLETED.  NEW TRIANG MATRIX.  MAX DOF INC=  0.9089E-09
     DISP CONVERGENCE VALUE   =  0.9089E-09  CRITERION=  0.1578E-05 <<< CONVERGED
     LINE SEARCH PARAMETER =   1.000     SCALED MAX DOF INC =  0.9089E-09
     FORCE CONVERGENCE VALUE  =  0.6035E-05  CRITERION=  0.5000E-04 <<< CONVERGED
    >>> SOLUTION CONVERGED AFTER EQUILIBRIUM ITERATION   2
 *** LOAD STEP    16   SUBSTEP     1  COMPLETED.    CUM ITER =     57
 *** TIME =   156.503         TIME INC =   10.4280    
 *** MAX PLASTIC STRAIN STEP = 0.9881E-05   CRITERION =  1.000    

     FORCE CONVERGENCE VALUE  =  0.3849      CRITERION=  0.1924E-02
     DISP CONVERGENCE VALUE   =  0.2141E-08  CRITERION=  0.1578E-05 <<< CONVERGED
    EQUIL ITER   1 COMPLETED.  NEW TRIANG MATRIX.  MAX DOF INC=  0.2141E-08
     DISP CONVERGENCE VALUE   =  0.2141E-08  CRITERION=  0.1578E-05 <<< CONVERGED
     LINE SEARCH PARAMETER =   1.000     SCALED MAX DOF INC =  0.2141E-08
     FORCE CONVERGENCE VALUE  =  0.1664E-02  CRITERION=  0.5000E-04
    EQUIL ITER   2 COMPLETED.  NEW TRIANG MATRIX.  MAX DOF INC=  0.3864E-10
     DISP CONVERGENCE VALUE   =  0.3864E-10  CRITERION=  0.1578E-05 <<< CONVERGED
     LINE SEARCH PARAMETER =   1.000     SCALED MAX DOF INC =  0.3864E-10
     FORCE CONVERGENCE VALUE  =  0.1035E-07  CRITERION=  0.5000E-04 <<< CONVERGED
    >>> SOLUTION CONVERGED AFTER EQUILIBRIUM ITERATION   2
 *** LOAD STEP    16   SUBSTEP     2  COMPLETED.    CUM ITER =     59
 *** TIME =   166.931         TIME INC =   10.4280    
 *** MAX PLASTIC STRAIN STEP = 0.3820E-06   CRITERION =  1.000    

   LAYER . . . . . . . . . . . . . . . . . . . . .     9

   LOAD STEP . . . . . . . . . . . . . . . . . . .    17
   ACTION. . . . . . . . . . . . . . . . . . . . .APPLY HEAT
   TIME SPAN OF LOAD STEP. . . . . . . . . . . . . 0.10412E-01
   TIME AT END OF LOAD STEP. . . . . . . . . . . .  166.94    
   TIME STEP SIZE. . . . . . . . . . . . . . . . . 0.52059E-02

     FORCE CONVERGENCE VALUE  =   4.516      CRITERION=  0.2258E-01
     DISP CONVERGENCE VALUE   =  0.2806E-07  CRITERION=  0.1578E-05 <<< CONVERGED
    EQUIL ITER   1 COMPLETED.  NEW TRIANG MATRIX.  MAX DOF INC=  0.2806E-07
     DISP CONVERGENCE VALUE   =  0.2806E-07  CRITERION=  0.1578E-05 <<< CONVERGED
     LINE SEARCH PARAMETER =   1.000     SCALED MAX DOF INC =  0.2806E-07
     FORCE CONVERGENCE VALUE  =  0.7139E-07  CRITERION=  0.5000E-04 <<< CONVERGED
    >>> SOLUTION CONVERGED AFTER EQUILIBRIUM ITERATION   1
 *** LOAD STEP    17   SUBSTEP     1  COMPLETED.    CUM ITER =     60
 *** TIME =   166.936         TIME INC =  0.520600E-02

     FORCE CONVERGENCE VALUE  =  0.5304      CRITERION=  0.2652E-02
     DISP CONVERGENCE VALUE   =  0.4153E-08  CRITERION=  0.1578E-05 <<< CONVERGED
    EQUIL ITER   1 COMPLETED.  NEW TRIANG MATRIX.  MAX DOF INC=  0.4153E-08
     DISP CONVERGENCE VALUE   =  0.4153E-08  CRITERION=  0.1578E-05 <<< CONVERGED
     LINE SEARCH PARAMETER =   1.000     SCALED MAX DOF INC =  0.4153E-08
     FORCE CONVERGENCE VALUE  =  0.1116E-07  CRITERION=  0.5000E-04 <<< CONVERGED
    >>> SOLUTION CONVERGED AFTER EQUILIBRIUM ITERATION   1
 *** LOAD STEP    17   SUBSTEP     2  COMPLETED.    CUM ITER =     61
 *** TIME =   166.941         TIME INC =  0.520600E-02

   LOAD STEP . . . . . . . . . . . . . . . . . . .    18
   ACTION. . . . . . . . . . . . . . . . . . . . .COOL BETWEEN LAYERS
   TIME SPAN OF LOAD STEP. . . . . . . . . . . . .  20.856    
   TIME AT END OF LOAD STEP. . . . . . . . . . . .  187.80    
   TIME STEP SIZE. . . . . . . . . . . . . . . . .  10.428    

     FORCE CONVERGENCE VALUE  =   5.856      CRITERION=  0.2896E-01
     DISP CONVERGENCE VALUE   =  0.5263E-07  CRITERION=  0.1578E-05 <<< CONVERGED
    EQUIL ITER   1 COMPLETED.  NEW TRIANG MATRIX.  MAX DOF INC= -0.5263E-07
     DISP CONVERGENCE VALUE   =  0.5263E-07  CRITERION=  0.1578E-05 <<< CONVERGED
     LINE SEARCH PARAMETER =   1.000     SCALED MAX DOF INC = -0.5263E-07
     FORCE CONVERGENCE VALUE  =  0.2498E-01  CRITERION=  0.5000E-04
    EQUIL ITER   2 COMPLETED.  NEW TRIANG MATRIX.  MAX DOF INC=  0.5181E-09
     DISP CONVERGENCE VALUE   =  0.5181E-09  CRITERION=  0.1578E-05 <<< CONVERGED
     LINE SEARCH PARAMETER =   1.000     SCALED MAX DOF INC =  0.5181E-09
     FORCE CONVERGENCE VALUE  =  0.3144E-04  CRITERION=  0.5000E-04 <<< CONVERGED
    >>> SOLUTION CONVERGED AFTER EQUILIBRIUM ITERATION   2
 *** LOAD STEP    18   SUBSTEP     1  COMPLETED.    CUM ITER =     63
 *** TIME =   177.369         TIME INC =   10.4280    
 *** MAX PLASTIC STRAIN STEP = 0.6193E-05   CRITERION =  1.000    

     FORCE CONVERGENCE VALUE  =  0.2946      CRITERION=  0.1473E-02
     DISP CONVERGENCE VALUE   =  0.1566E-08  CRITERION=  0.1578E-05 <<< CONVERGED
    EQUIL ITER   1 COMPLETED.  NEW TRIANG MATRIX.  MAX DOF INC=  0.1566E-08
     DISP CONVERGENCE VALUE   =  0.1566E-08  CRITERION=  0.1578E-05 <<< CONVERGED
     LINE SEARCH PARAMETER =   1.000     SCALED MAX DOF INC =  0.1566E-08
     FORCE CONVERGENCE VALUE  =  0.1147E-02  CRITERION=  0.5000E-04
    EQUIL ITER   2 COMPLETED.  NEW TRIANG MATRIX.  MAX DOF INC=  0.2451E-10
     DISP CONVERGENCE VALUE   =  0.2451E-10  CRITERION=  0.1578E-05 <<< CONVERGED
     LINE SEARCH PARAMETER =   1.000     SCALED MAX DOF INC =  0.2451E-10
     FORCE CONVERGENCE VALUE  =  0.4488E-08  CRITERION=  0.5000E-04 <<< CONVERGED
    >>> SOLUTION CONVERGED AFTER EQUILIBRIUM ITERATION   2
 *** LOAD STEP    18   SUBSTEP     2  COMPLETED.    CUM ITER =     65
 *** TIME =   187.797         TIME INC =   10.4280    
 *** MAX PLASTIC STRAIN STEP = 0.2611E-06   CRITERION =  1.000    

   LAYER . . . . . . . . . . . . . . . . . . . . .    10

   LOAD STEP . . . . . . . . . . . . . . . . . . .    19
   ACTION. . . . . . . . . . . . . . . . . . . . .APPLY HEAT
   TIME SPAN OF LOAD STEP. . . . . . . . . . . . . 0.10412E-01
   TIME AT END OF LOAD STEP. . . . . . . . . . . .  187.81    
   TIME STEP SIZE. . . . . . . . . . . . . . . . . 0.52059E-02

     FORCE CONVERGENCE VALUE  =   3.383      CRITERION=  0.1691E-01
     DISP CONVERGENCE VALUE   =  0.2030E-07  CRITERION=  0.1578E-05 <<< CONVERGED
    EQUIL ITER   1 COMPLETED.  NEW TRIANG MATRIX.  MAX DOF INC=  0.2030E-07
     DISP CONVERGENCE VALUE   =  0.2030E-07  CRITERION=  0.1578E-05 <<< CONVERGED
     LINE SEARCH PARAMETER =   1.000     SCALED MAX DOF INC =  0.2030E-07
     FORCE CONVERGENCE VALUE  =  0.4767E-07  CRITERION=  0.5000E-04 <<< CONVERGED
    >>> SOLUTION CONVERGED AFTER EQUILIBRIUM ITERATION   1
 *** LOAD STEP    19   SUBSTEP     1  COMPLETED.    CUM ITER =     66
 *** TIME =   187.802         TIME INC =  0.520600E-02

     FORCE CONVERGENCE VALUE  =  0.3976      CRITERION=  0.1988E-02
     DISP CONVERGENCE VALUE   =  0.3009E-08  CRITERION=  0.1578E-05 <<< CONVERGED
    EQUIL ITER   1 COMPLETED.  NEW TRIANG MATRIX.  MAX DOF INC=  0.3009E-08
     DISP CONVERGENCE VALUE   =  0.3009E-08  CRITERION=  0.1578E-05 <<< CONVERGED
     LINE SEARCH PARAMETER =   1.000     SCALED MAX DOF INC =  0.3009E-08
     FORCE CONVERGENCE VALUE  =  0.7589E-08  CRITERION=  0.5000E-04 <<< CONVERGED
    >>> SOLUTION CONVERGED AFTER EQUILIBRIUM ITERATION   1
 *** LOAD STEP    19   SUBSTEP     2  COMPLETED.    CUM ITER =     67
 *** TIME =   187.808         TIME INC =  0.520600E-02

   LOAD STEP . . . . . . . . . . . . . . . . . . .    20
   ACTION. . . . . . . . . . . . . . . . . . . . .COOL BETWEEN LAYERS
   TIME SPAN OF LOAD STEP. . . . . . . . . . . . .  20.856    
   TIME AT END OF LOAD STEP. . . . . . . . . . . .  208.66    
   TIME STEP SIZE. . . . . . . . . . . . . . . . .  10.428    

     FORCE CONVERGENCE VALUE  =   4.476      CRITERION=  0.2214E-01
     DISP CONVERGENCE VALUE   =  0.3898E-07  CRITERION=  0.1578E-05 <<< CONVERGED
    EQUIL ITER   1 COMPLETED.  NEW TRIANG MATRIX.  MAX DOF INC=  0.3898E-07
     DISP CONVERGENCE VALUE   =  0.3898E-07  CRITERION=  0.1578E-05 <<< CONVERGED
     LINE SEARCH PARAMETER =   1.000     SCALED MAX DOF INC =  0.3898E-07
     FORCE CONVERGENCE VALUE  =  0.1600E-01  CRITERION=  0.5000E-04
    EQUIL ITER   2 COMPLETED.  NEW TRIANG MATRIX.  MAX DOF INC=  0.3121E-09
     DISP CONVERGENCE VALUE   =  0.3121E-09  CRITERION=  0.1578E-05 <<< CONVERGED
     LINE SEARCH PARAMETER =   1.000     SCALED MAX DOF INC =  0.3121E-09
     FORCE CONVERGENCE VALUE  =  0.1303E-04  CRITERION=  0.5000E-04 <<< CONVERGED
    >>> SOLUTION CONVERGED AFTER EQUILIBRIUM ITERATION   2
 *** LOAD STEP    20   SUBSTEP     1  COMPLETED.    CUM ITER =     69
 *** TIME =   198.236         TIME INC =   10.4280    
 *** MAX PLASTIC STRAIN STEP = 0.3884E-05   CRITERION =  1.000    

     FORCE CONVERGENCE VALUE  =  0.2338      CRITERION=  0.1169E-02
     DISP CONVERGENCE VALUE   =  0.1259E-08  CRITERION=  0.1578E-05 <<< CONVERGED
    EQUIL ITER   1 COMPLETED.  NEW TRIANG MATRIX.  MAX DOF INC=  0.1259E-08
     DISP CONVERGENCE VALUE   =  0.1259E-08  CRITERION=  0.1578E-05 <<< CONVERGED
     LINE SEARCH PARAMETER =   1.000     SCALED MAX DOF INC =  0.1259E-08
     FORCE CONVERGENCE VALUE  =  0.8186E-03  CRITERION=  0.5000E-04
    EQUIL ITER   2 COMPLETED.  NEW TRIANG MATRIX.  MAX DOF INC=  0.1648E-10
     DISP CONVERGENCE VALUE   =  0.1648E-10  CRITERION=  0.1578E-05 <<< CONVERGED
     LINE SEARCH PARAMETER =   1.000     SCALED MAX DOF INC =  0.1648E-10
     FORCE CONVERGENCE VALUE  =  0.1494E-07  CRITERION=  0.5000E-04 <<< CONVERGED
    >>> SOLUTION CONVERGED AFTER EQUILIBRIUM ITERATION   2
 *** LOAD STEP    20   SUBSTEP     2  COMPLETED.    CUM ITER =     71
 *** TIME =   208.664         TIME INC =   10.4280    
 *** MAX PLASTIC STRAIN STEP = 0.1846E-06   CRITERION =  1.000    

   LAYER . . . . . . . . . . . . . . . . . . . . .    11

   LOAD STEP . . . . . . . . . . . . . . . . . . .    21
   ACTION. . . . . . . . . . . . . . . . . . . . .APPLY HEAT
   TIME SPAN OF LOAD STEP. . . . . . . . . . . . . 0.10412E-01
   TIME AT END OF LOAD STEP. . . . . . . . . . . .  208.67    
   TIME STEP SIZE. . . . . . . . . . . . . . . . . 0.52059E-02

     FORCE CONVERGENCE VALUE  =   2.635      CRITERION=  0.1318E-01
     DISP CONVERGENCE VALUE   =  0.1542E-07  CRITERION=  0.1578E-05 <<< CONVERGED
    EQUIL ITER   1 COMPLETED.  NEW TRIANG MATRIX.  MAX DOF INC=  0.1542E-07
     DISP CONVERGENCE VALUE   =  0.1542E-07  CRITERION=  0.1578E-05 <<< CONVERGED
     LINE SEARCH PARAMETER =   1.000     SCALED MAX DOF INC =  0.1542E-07
     FORCE CONVERGENCE VALUE  =  0.3408E-07  CRITERION=  0.5000E-04 <<< CONVERGED
    >>> SOLUTION CONVERGED AFTER EQUILIBRIUM ITERATION   1
 *** LOAD STEP    21   SUBSTEP     1  COMPLETED.    CUM ITER =     72
 *** TIME =   208.669         TIME INC =  0.520600E-02

     FORCE CONVERGENCE VALUE  =  0.3097      CRITERION=  0.1548E-02
     DISP CONVERGENCE VALUE   =  0.2279E-08  CRITERION=  0.1578E-05 <<< CONVERGED
    EQUIL ITER   1 COMPLETED.  NEW TRIANG MATRIX.  MAX DOF INC=  0.2279E-08
     DISP CONVERGENCE VALUE   =  0.2279E-08  CRITERION=  0.1578E-05 <<< CONVERGED
     LINE SEARCH PARAMETER =   1.000     SCALED MAX DOF INC =  0.2279E-08
     FORCE CONVERGENCE VALUE  =  0.5442E-08  CRITERION=  0.5000E-04 <<< CONVERGED
    >>> SOLUTION CONVERGED AFTER EQUILIBRIUM ITERATION   1
 *** LOAD STEP    21   SUBSTEP     2  COMPLETED.    CUM ITER =     73
 *** TIME =   208.674         TIME INC =  0.520600E-02

   LOAD STEP . . . . . . . . . . . . . . . . . . .    22
   ACTION. . . . . . . . . . . . . . . . . . . . .COOL BETWEEN LAYERS
   TIME SPAN OF LOAD STEP. . . . . . . . . . . . .  20.856    
   TIME AT END OF LOAD STEP. . . . . . . . . . . .  229.53    
   TIME STEP SIZE. . . . . . . . . . . . . . . . .  10.428    

     FORCE CONVERGENCE VALUE  =   3.542      CRITERION=  0.1752E-01
     DISP CONVERGENCE VALUE   =  0.3021E-07  CRITERION=  0.1578E-05 <<< CONVERGED
    EQUIL ITER   1 COMPLETED.  NEW TRIANG MATRIX.  MAX DOF INC=  0.3021E-07
     DISP CONVERGENCE VALUE   =  0.3021E-07  CRITERION=  0.1578E-05 <<< CONVERGED
     LINE SEARCH PARAMETER =   1.000     SCALED MAX DOF INC =  0.3021E-07
     FORCE CONVERGENCE VALUE  =  0.1050E-01  CRITERION=  0.5000E-04
    EQUIL ITER   2 COMPLETED.  NEW TRIANG MATRIX.  MAX DOF INC=  0.1947E-09
     DISP CONVERGENCE VALUE   =  0.1947E-09  CRITERION=  0.1578E-05 <<< CONVERGED
     LINE SEARCH PARAMETER =  0.9999     SCALED MAX DOF INC =  0.1947E-09
     FORCE CONVERGENCE VALUE  =  0.1787E-04  CRITERION=  0.5000E-04 <<< CONVERGED
    >>> SOLUTION CONVERGED AFTER EQUILIBRIUM ITERATION   2
 *** LOAD STEP    22   SUBSTEP     1  COMPLETED.    CUM ITER =     75
 *** TIME =   219.102         TIME INC =   10.4280    
 *** MAX PLASTIC STRAIN STEP = 0.2557E-05   CRITERION =  1.000    

     FORCE CONVERGENCE VALUE  =  0.1913      CRITERION=  0.9566E-03
     DISP CONVERGENCE VALUE   =  0.1048E-08  CRITERION=  0.1578E-05 <<< CONVERGED
    EQUIL ITER   1 COMPLETED.  NEW TRIANG MATRIX.  MAX DOF INC=  0.1048E-08
     DISP CONVERGENCE VALUE   =  0.1048E-08  CRITERION=  0.1578E-05 <<< CONVERGED
     LINE SEARCH PARAMETER =   1.000     SCALED MAX DOF INC =  0.1048E-08
     FORCE CONVERGENCE VALUE  =  0.6044E-03  CRITERION=  0.5000E-04
    EQUIL ITER   2 COMPLETED.  NEW TRIANG MATRIX.  MAX DOF INC=  0.1155E-10
     DISP CONVERGENCE VALUE   =  0.1155E-10  CRITERION=  0.1578E-05 <<< CONVERGED
     LINE SEARCH PARAMETER =   1.000     SCALED MAX DOF INC =  0.1155E-10
     FORCE CONVERGENCE VALUE  =  0.1120E-08  CRITERION=  0.5000E-04 <<< CONVERGED
    >>> SOLUTION CONVERGED AFTER EQUILIBRIUM ITERATION   2
 *** LOAD STEP    22   SUBSTEP     2  COMPLETED.    CUM ITER =     77
 *** TIME =   229.530         TIME INC =   10.4280    
 *** MAX PLASTIC STRAIN STEP = 0.1393E-06   CRITERION =  1.000    

   LAYER . . . . . . . . . . . . . . . . . . . . .    12

   LOAD STEP . . . . . . . . . . . . . . . . . . .    23
   ACTION. . . . . . . . . . . . . . . . . . . . .APPLY HEAT
   TIME SPAN OF LOAD STEP. . . . . . . . . . . . . 0.10412E-01
   TIME AT END OF LOAD STEP. . . . . . . . . . . .  229.54    
   TIME STEP SIZE. . . . . . . . . . . . . . . . . 0.52059E-02

     FORCE CONVERGENCE VALUE  =   2.116      CRITERION=  0.1058E-01
     DISP CONVERGENCE VALUE   =  0.1215E-07  CRITERION=  0.1578E-05 <<< CONVERGED
    EQUIL ITER   1 COMPLETED.  NEW TRIANG MATRIX.  MAX DOF INC=  0.1215E-07
     DISP CONVERGENCE VALUE   =  0.1215E-07  CRITERION=  0.1578E-05 <<< CONVERGED
     LINE SEARCH PARAMETER =   1.000     SCALED MAX DOF INC =  0.1215E-07
     FORCE CONVERGENCE VALUE  =  0.2572E-07  CRITERION=  0.5000E-04 <<< CONVERGED
    >>> SOLUTION CONVERGED AFTER EQUILIBRIUM ITERATION   1
 *** LOAD STEP    23   SUBSTEP     1  COMPLETED.    CUM ITER =     78
 *** TIME =   229.535         TIME INC =  0.520500E-02

     FORCE CONVERGENCE VALUE  =  0.2489      CRITERION=  0.1244E-02
     DISP CONVERGENCE VALUE   =  0.1791E-08  CRITERION=  0.1578E-05 <<< CONVERGED
    EQUIL ITER   1 COMPLETED.  NEW TRIANG MATRIX.  MAX DOF INC=  0.1791E-08
     DISP CONVERGENCE VALUE   =  0.1791E-08  CRITERION=  0.1578E-05 <<< CONVERGED
     LINE SEARCH PARAMETER =   1.000     SCALED MAX DOF INC =  0.1791E-08
     FORCE CONVERGENCE VALUE  =  0.4097E-08  CRITERION=  0.5000E-04 <<< CONVERGED
    >>> SOLUTION CONVERGED AFTER EQUILIBRIUM ITERATION   1
 *** LOAD STEP    23   SUBSTEP     2  COMPLETED.    CUM ITER =     79
 *** TIME =   229.541         TIME INC =  0.520500E-02

   LOAD STEP . . . . . . . . . . . . . . . . . . .    24
   ACTION. . . . . . . . . . . . . . . . . . . . .COOL BETWEEN LAYERS
   TIME SPAN OF LOAD STEP. . . . . . . . . . . . .  20.856    
   TIME AT END OF LOAD STEP. . . . . . . . . . . .  250.40    
   TIME STEP SIZE. . . . . . . . . . . . . . . . .  10.428    

     FORCE CONVERGENCE VALUE  =   2.879      CRITERION=  0.1424E-01
     DISP CONVERGENCE VALUE   =  0.2423E-07  CRITERION=  0.1578E-05 <<< CONVERGED
    EQUIL ITER   1 COMPLETED.  NEW TRIANG MATRIX.  MAX DOF INC=  0.2423E-07
     DISP CONVERGENCE VALUE   =  0.2423E-07  CRITERION=  0.1578E-05 <<< CONVERGED
     LINE SEARCH PARAMETER =   1.000     SCALED MAX DOF INC =  0.2423E-07
     FORCE CONVERGENCE VALUE  =  0.7039E-02  CRITERION=  0.5000E-04
    EQUIL ITER   2 COMPLETED.  NEW TRIANG MATRIX.  MAX DOF INC=  0.1266E-09
     DISP CONVERGENCE VALUE   =  0.1266E-09  CRITERION=  0.1578E-05 <<< CONVERGED
     LINE SEARCH PARAMETER =   1.000     SCALED MAX DOF INC =  0.1266E-09
     FORCE CONVERGENCE VALUE  =  0.1149E-04  CRITERION=  0.5000E-04 <<< CONVERGED
    >>> SOLUTION CONVERGED AFTER EQUILIBRIUM ITERATION   2
 *** LOAD STEP    24   SUBSTEP     1  COMPLETED.    CUM ITER =     81
 *** TIME =   239.969         TIME INC =   10.4280    
 *** MAX PLASTIC STRAIN STEP = 0.1769E-05   CRITERION =  1.000    

     FORCE CONVERGENCE VALUE  =  0.1599      CRITERION=  0.7993E-03
     DISP CONVERGENCE VALUE   =  0.8894E-09  CRITERION=  0.1578E-05 <<< CONVERGED
    EQUIL ITER   1 COMPLETED.  NEW TRIANG MATRIX.  MAX DOF INC=  0.8894E-09
     DISP CONVERGENCE VALUE   =  0.8894E-09  CRITERION=  0.1578E-05 <<< CONVERGED
     LINE SEARCH PARAMETER =   1.000     SCALED MAX DOF INC =  0.8894E-09
     FORCE CONVERGENCE VALUE  =  0.4497E-03  CRITERION=  0.5000E-04
    EQUIL ITER   2 COMPLETED.  NEW TRIANG MATRIX.  MAX DOF INC=  0.8292E-11
     DISP CONVERGENCE VALUE   =  0.8292E-11  CRITERION=  0.1578E-05 <<< CONVERGED
     LINE SEARCH PARAMETER =   1.000     SCALED MAX DOF INC =  0.8292E-11
     FORCE CONVERGENCE VALUE  =  0.6060E-09  CRITERION=  0.5000E-04 <<< CONVERGED
    >>> SOLUTION CONVERGED AFTER EQUILIBRIUM ITERATION   2
 *** LOAD STEP    24   SUBSTEP     2  COMPLETED.    CUM ITER =     83
 *** TIME =   250.397         TIME INC =   10.4280    
 *** MAX PLASTIC STRAIN STEP = 0.1062E-06   CRITERION =  1.000    

   LAYER . . . . . . . . . . . . . . . . . . . . .    13

   LOAD STEP . . . . . . . . . . . . . . . . . . .    25
   ACTION. . . . . . . . . . . . . . . . . . . . .APPLY HEAT
   TIME SPAN OF LOAD STEP. . . . . . . . . . . . . 0.10412E-01
   TIME AT END OF LOAD STEP. . . . . . . . . . . .  250.41    
   TIME STEP SIZE. . . . . . . . . . . . . . . . . 0.52059E-02

     FORCE CONVERGENCE VALUE  =   1.739      CRITERION=  0.8693E-02

 *** WARNING ***                         CP =     184.297   TIME= 11:20:26
 There is at least 1 small equation solver pivot term (e.g., at the UX   
 degree of freedom of node 13462) which may indicate a numerically       
 unstable model.  Please check your results carefully.                   
     DISP CONVERGENCE VALUE   =  0.2416E-07  CRITERION=  0.1578E-05 <<< CONVERGED
    EQUIL ITER   1 COMPLETED.  NEW TRIANG MATRIX.  MAX DOF INC= -0.2416E-07
     DISP CONVERGENCE VALUE   =  0.2416E-07  CRITERION=  0.1578E-05 <<< CONVERGED
     LINE SEARCH PARAMETER =   1.000     SCALED MAX DOF INC = -0.2416E-07
     FORCE CONVERGENCE VALUE  =  0.1254E-10  CRITERION=  0.5000E-04 <<< CONVERGED
    >>> SOLUTION CONVERGED AFTER EQUILIBRIUM ITERATION   1
 *** LOAD STEP    25   SUBSTEP     1  COMPLETED.    CUM ITER =     84
 *** TIME =   250.402         TIME INC =  0.520600E-02

     FORCE CONVERGENCE VALUE  =  0.2042      CRITERION=  0.1021E-02

 *** WARNING ***                         CP =     186.828   TIME= 11:20:29
 There is at least 1 small equation solver pivot term (e.g., at the UX   
 degree of freedom of node 13462) which may indicate a numerically       
 unstable model.  Please check your results carefully.                   
     DISP CONVERGENCE VALUE   =  0.1002E-07  CRITERION=  0.1578E-05 <<< CONVERGED
    EQUIL ITER   1 COMPLETED.  NEW TRIANG MATRIX.  MAX DOF INC= -0.1002E-07
     DISP CONVERGENCE VALUE   =  0.1002E-07  CRITERION=  0.1578E-05 <<< CONVERGED
     LINE SEARCH PARAMETER =   1.000     SCALED MAX DOF INC = -0.1002E-07
     FORCE CONVERGENCE VALUE  =  0.1284E-10  CRITERION=  0.5000E-04 <<< CONVERGED
    >>> SOLUTION CONVERGED AFTER EQUILIBRIUM ITERATION   1
 *** LOAD STEP    25   SUBSTEP     2  COMPLETED.    CUM ITER =     85
 *** TIME =   250.407         TIME INC =  0.520600E-02

   LOAD STEP . . . . . . . . . . . . . . . . . . .    26
   ACTION. . . . . . . . . . . . . . . . . . . . .COOL BETWEEN LAYERS
   TIME SPAN OF LOAD STEP. . . . . . . . . . . . .  20.856    
   TIME AT END OF LOAD STEP. . . . . . . . . . . .  271.26    
   TIME STEP SIZE. . . . . . . . . . . . . . . . .  10.428    

   APPROXIMATE TIME TO PHYSICALLY BUILD THE PART .  389.80    

     FORCE CONVERGENCE VALUE  =   2.389      CRITERION=  0.1182E-01

 *** WARNING ***                         CP =     189.391   TIME= 11:20:33
 There is at least 1 small equation solver pivot term (e.g., at the UX   
 degree of freedom of node 13462) which may indicate a numerically       
 unstable model.  Please check your results carefully.                   
     DISP CONVERGENCE VALUE   =  0.2234E-07  CRITERION=  0.1578E-05 <<< CONVERGED
    EQUIL ITER   1 COMPLETED.  NEW TRIANG MATRIX.  MAX DOF INC= -0.2234E-07
     DISP CONVERGENCE VALUE   =  0.2234E-07  CRITERION=  0.1578E-05 <<< CONVERGED
     LINE SEARCH PARAMETER =   1.000     SCALED MAX DOF INC = -0.2234E-07
     FORCE CONVERGENCE VALUE  =  0.4766E-02  CRITERION=  0.5000E-04

 *** WARNING ***                         CP =     190.938   TIME= 11:20:35
 There is at least 1 small equation solver pivot term (e.g., at the UX   
 degree of freedom of node 13462) which may indicate a numerically       
 unstable model.  Please check your results carefully.                   
    EQUIL ITER   2 COMPLETED.  NEW TRIANG MATRIX.  MAX DOF INC= -0.5306E-08
     DISP CONVERGENCE VALUE   =  0.5305E-08  CRITERION=  0.1578E-05 <<< CONVERGED
     LINE SEARCH PARAMETER =  0.9999     SCALED MAX DOF INC = -0.5305E-08
     FORCE CONVERGENCE VALUE  =  0.9070E-05  CRITERION=  0.5000E-04 <<< CONVERGED
    >>> SOLUTION CONVERGED AFTER EQUILIBRIUM ITERATION   2
 *** LOAD STEP    26   SUBSTEP     1  COMPLETED.    CUM ITER =     87
 *** TIME =   260.835         TIME INC =   10.4280    
 *** MAX PLASTIC STRAIN STEP = 0.1231E-05   CRITERION =  1.000    

     FORCE CONVERGENCE VALUE  =  0.1363      CRITERION=  0.6815E-03

 *** WARNING ***                         CP =     193.094   TIME= 11:20:38
 There is at least 1 small equation solver pivot term (e.g., at the UX   
 degree of freedom of node 13462) which may indicate a numerically       
 unstable model.  Please check your results carefully.                   
     DISP CONVERGENCE VALUE   =  0.6484E-08  CRITERION=  0.1578E-05 <<< CONVERGED
    EQUIL ITER   1 COMPLETED.  NEW TRIANG MATRIX.  MAX DOF INC= -0.6484E-08
     DISP CONVERGENCE VALUE   =  0.6484E-08  CRITERION=  0.1578E-05 <<< CONVERGED
     LINE SEARCH PARAMETER =   1.000     SCALED MAX DOF INC = -0.6484E-08
     FORCE CONVERGENCE VALUE  =  0.3453E-03  CRITERION=  0.5000E-04

 *** WARNING ***                         CP =     194.656   TIME= 11:20:40
 There is at least 1 small equation solver pivot term (e.g., at the UX   
 degree of freedom of node 13462) which may indicate a numerically       
 unstable model.  Please check your results carefully.                   
    EQUIL ITER   2 COMPLETED.  NEW TRIANG MATRIX.  MAX DOF INC= -0.5348E-08
     DISP CONVERGENCE VALUE   =  0.5348E-08  CRITERION=  0.1578E-05 <<< CONVERGED
     LINE SEARCH PARAMETER =   1.000     SCALED MAX DOF INC = -0.5348E-08
     FORCE CONVERGENCE VALUE  =  0.3533E-09  CRITERION=  0.5000E-04 <<< CONVERGED
    >>> SOLUTION CONVERGED AFTER EQUILIBRIUM ITERATION   2
 *** LOAD STEP    26   SUBSTEP     2  COMPLETED.    CUM ITER =     89
 *** TIME =   271.263         TIME INC =   10.4280    
 *** MAX PLASTIC STRAIN STEP = 0.8355E-07   CRITERION =  1.000    

 *GET  _BUILDSTEPENDTIME  FROM  common    ITEM=STEPCM   DP   N=    1
    VALUE=  271.263104    
 *************** Write FE CONNECTORS *********

 WRITE OUT CONSTRAINT EQUATIONS TO FILE= file.ce                                                                                                                                                                                                                                                             
 ****************************************************
 *************** FINISHED SOLVE FOR LS 1 *************
 ****************************************************
 ******************* SOLVE FOR LS 2 OF 2 ****************

 PRINTOUT RESUMED BY /GOP

 ERASE THE CURRENT DATABASE OUTPUT CONTROL TABLE.


 WRITE ALL  ITEMS TO THE DATABASE WITH A FREQUENCY OF NONE
   FOR ALL APPLICABLE ENTITIES

 WRITE NSOL ITEMS TO THE DATABASE WITH A FREQUENCY OF ALL 
   FOR ALL APPLICABLE ENTITIES

 WRITE RSOL ITEMS TO THE DATABASE WITH A FREQUENCY OF ALL 
   FOR ALL APPLICABLE ENTITIES

 WRITE ETMP ITEMS TO THE DATABASE WITH A FREQUENCY OF ALL 
   FOR ALL APPLICABLE ENTITIES

 WRITE STRS ITEMS TO THE DATABASE WITH A FREQUENCY OF ALL 
   FOR ALL APPLICABLE ENTITIES

 WRITE EPEL ITEMS TO THE DATABASE WITH A FREQUENCY OF ALL 
   FOR ALL APPLICABLE ENTITIES

 WRITE EPPL ITEMS TO THE DATABASE WITH A FREQUENCY OF ALL 
   FOR ALL APPLICABLE ENTITIES

 WRITE EPTH ITEMS TO THE DATABASE WITH A FREQUENCY OF ALL 
   FOR ALL APPLICABLE ENTITIES

 USE A LINE SEARCH FOR  ALL DEGREES OF FREEDOM
 *********** Send AM Cooldown Conditions Options ***********

 THE GAS TEMPERATURE IS SET TO    22.000    
 THE GAS CONVECTION COEFFICIENT IS SET TO    20.000    
  CONVECTION FROM THE PART TO THE BUILD VOLUME GAS IS INCLUDED AND 
  RADIATION IS IGNORED DURING THE BUILD

 CONVECTION FROM THE PART TO THE BUILD VOLUME POWDER IS INCLUDED
   THE POWDER TEMPERATURE IS SET TO    22.000    
   THE POWDER CONVECTION COEFFICIENT IS SET TO    5.0000    
   THE POWDER KNOCKDOWN FACTOR FOR CONDUCTION IS SET TO   0.10000E-01

 *****  MAPDL AMSTEP   COMMAND  *****

 *** WARNING ***                         CP =     196.344   TIME= 11:20:42
 No constraints have been defined using the D command.                   

 *** NOTE ***                            CP =     196.344   TIME= 11:20:42
 The step data was checked and warning messages were found.              
  Please review output or errors file (                                  
 C:\Users\018219877\Downloads\LBPF\ANSYS\lpbfsim_Mech_Files\StaticStruct 
 tural_2\file0.err ) for these warning messages.                         

 *** WARNING ***                         CP =     196.344   TIME= 11:20:42
 The preconditioned conjugate gradient solver used by (EQSLV,PCG         
 command) only works for fully constrained models.  There are less than  
 3 constraints in the current model.  The solver has been reset to       
 sparse (EQSLV,SPARSE).                                                  

 *** MAPDL - ENGINEERING ANALYSIS SYSTEM  RELEASE 2025 R1          25.1     ***
 Ansys Mechanical Enterprise Academic Research     
 00479296  VERSION=WINDOWS x64   11:20:42  APR 04, 2026 CP=    196.375

 --Static Structural                                                           



                      L O A D   S T E P   O P T I O N S

   MAXIMUM NUMBER OF EQUILIBRIUM ITERATIONS. . . .    15
   STEP CHANGE BOUNDARY CONDITIONS . . . . . . . .    NO
   LINE SEARCH . . . . . . . . . . . . . . . . . .    ON
   TERMINATE ANALYSIS IF NOT CONVERGED . . . . . .YES (EXIT)  
   CONVERGENCE CONTROLS. . . . . . . . . . . . . .USE DEFAULTS
   COPY INTEGRATION POINT VALUES TO NODE . . . . .YES, FOR ELEMENTS WITH
                                                  ACTIVE MAT. NONLINEARITIES
   PRINT OUTPUT CONTROLS . . . . . . . . . . . . .NO PRINTOUT
   DATABASE OUTPUT CONTROLS
      ITEM     FREQUENCY   COMPONENT
       ALL       NONE               
      NSOL        ALL               
      RSOL        ALL               
      ETMP        ALL               
      STRS        ALL               
      EPEL        ALL               
      EPPL        ALL               
      EPTH        ALL               


 SOLUTION MONITORING INFO IS WRITTEN TO FILE= file.mntr                                                                                                                                                                                                                                                           
 MAXIMUM NUMBER OF EQUILIBRIUM ITERATIONS HAS BEEN MODIFIED              
  TO BE, NEQIT = 25, BY SOLUTION CONTROL LOGIC.                          

                        A D D I T I V E   S T E P

   STEP TYPE . . . . . . . . . . . . . . . . . . .COOL DOWN
   AMBIENT TEMPERATURE . . . . . . . . . . . . . .  22.000    
   NUMBER OF STEPS DURING COOL DOWN. . . . . . . .AS SPECIFIED IN THE THERMAL ANALYSIS

   LOAD STEP . . . . . . . . . . . . . . . . . . .    27
   TIME SPAN OF LOAD STEP. . . . . . . . . . . . .  678.57    
   TIME AT END OF LOAD STEP. . . . . . . . . . . .  949.83    
   INITIAL TIME STEP SIZE. . . . . . . . . . . . .  3.2313    

     FORCE CONVERGENCE VALUE  =   185.8      CRITERION=  0.9291    

 *** WARNING ***                         CP =     198.219   TIME= 11:20:44
 There is at least 1 small equation solver pivot term (e.g., at the UX   
 degree of freedom of node 13462) which may indicate a numerically       
 unstable model.  Please check your results carefully.                   
     DISP CONVERGENCE VALUE   =  0.1766E-05  CRITERION=  0.1578E-05
    EQUIL ITER   1 COMPLETED.  NEW TRIANG MATRIX.  MAX DOF INC=  0.1766E-05
     DISP CONVERGENCE VALUE   =  0.1766E-05  CRITERION=  0.1578E-05
     LINE SEARCH PARAMETER =   1.000     SCALED MAX DOF INC =  0.1766E-05
     FORCE CONVERGENCE VALUE  =  0.1501      CRITERION=  0.5000E-04

 *** WARNING ***                         CP =     199.719   TIME= 11:20:46
 There is at least 1 small equation solver pivot term (e.g., at the UY   
 degree of freedom of node 13462) which may indicate a numerically       
 unstable model.  Please check your results carefully.                   
    EQUIL ITER   2 COMPLETED.  NEW TRIANG MATRIX.  MAX DOF INC=  0.9393E-08
     DISP CONVERGENCE VALUE   =  0.9385E-08  CRITERION=  0.1578E-05 <<< CONVERGED
     LINE SEARCH PARAMETER =  0.9991     SCALED MAX DOF INC =  0.9385E-08
     FORCE CONVERGENCE VALUE  =  0.7731E-03  CRITERION=  0.5000E-04

 *** WARNING ***                         CP =     201.156   TIME= 11:20:48
 There is at least 1 small equation solver pivot term (e.g., at the UX   
 degree of freedom of node 13462) which may indicate a numerically       
 unstable model.  Please check your results carefully.                   
    EQUIL ITER   3 COMPLETED.  NEW TRIANG MATRIX.  MAX DOF INC=  0.5500E-08
